video protocol: H264
revision pre-S
AVD CRC 5b6c906 de7bc699 c576fe41; 700b557e 66545e8c bb7f5673
AVD CRC 57a882f0 8f250fe8 26fe05b1; edbdb383 933b1d9b 3836dca9
AVD CRC b46ad175 c83d4220 2a42c972; e68b77b0 18a62ff1 f009126e
AVD CRC 8a47a756 3bb636e9 f090f3ac; ae27850e 166bbf6d 3bc804f2
AVD CRC f2391f74 239fbbd3 3206f002; 6281c727 7b4162c6 37d9b630
AVD CRC 5aee9753 4235e8dc 729c921b; a505f3ae a50addd2 1ffaf6fe
AVD CRC 47a5b14b bc3871a7 2f2f552f; 29cf5224 ec335423 927617a7
AVD CRC 799070a6 cd4f73b6 7b2c6780; 968102fa abcc4883 b599443b
AVD CRC acea333e 6298142a f684b361; d497d849 e1c77658 21eb91a6
AVD CRC 7744f297 a6b66b0a b6fa37f8; 78733200 fa0574be 3da51a74
AVD CRC 3cd3ba8f 46de45af ca55110; 822b4226 d581c3e1 377b0736
AVD CRC 3e7ffc9d e6ff6115 f1307408; 1de4caf0 d650398b f64a2536
AVD CRC 2a282233 bec7a75f 8f9b20f6; bf7f8260 1cc145fd 1b031c3e
AVD CRC f8f7c763 6467020e 430814f9; bb60dd92 4b6e54f9 92a7f67f
AVD CRC d8fd1546 667b9175 d28a4671; 1db4674b 1a0b3f92 56dd4b8d
AVD CRC 23001974 d0ffb9bd a98ecfc3; dd9bb3b1 feb29733 d65362ad
AVD CRC 3e80c6b6 9148823b b9afffc4; ca61a6d5 186c0cd8 9b4809ce
AVD CRC d7b6dff6 7c7b345 e52fb26d; 931ce021 b6a3f03a c325e76
AVD CRC 1202b030 6f29e367 32e29b93; 820bd107 85dd3239 ef8b5539
AVD CRC d306c00b 5c5fe47a 621d5a63; fe085b38 d8b92819 b94c37a1
AVD CRC 8db6235d b892ff17 eda5ac81; bcd077de b6c8d5cf a2ba62fd
AVD CRC f1e74cf b26e052b 33105d7b; 9dbbc94f ee3ecf80 1f6b80ff
AVD CRC bc0dde75 9dd91e96 83c23d42; 81f2e792 52fbc7ba 2a2315f4
AVD CRC 48ba8f0f 166a7e32 dc57c3e7; 37be4809 5570e75f 3883b95b
AVD CRC 1b314677 8ec63e0e a690f8bd; ebd9185c 4bb53ddb 975c4141
AVD CRC 45f9a509 f35ed0bf dc9e321a; 9b7ca23a e1b2cce9 dab5f911
AVD CRC 8ad6d62d 3c5bf9dc 1f5a2406; d0d6aad f74f91b3 fa6e94e5
AVD CRC afe07ac9 c092520b 1f3782a6; e35bdfc3 15486d43 42b1b989
AVD CRC 119e0858 1b932ac5 a3b5c94d; 956d8f7a 139f4490 74b9ffff
AVD CRC 4f3d2eab f69cfe61 4854f3b; ed25fc02 3a49b4bf 854192a1
AVD CRC 3e53a3ad 81821ece ab85affb; b13da9c1 3612da87 63e7e70b
AVD CRC 84a36bea 37fac81a 6830fd0c; d871d102 5c474f06 f54a759c
AVD CRC 1d10b16b 90fe63ed 759d2459; 789875f0 b7b80337 fd675e4e
AVD CRC 8ed14e88 d5da2dde 89333487; e3645a2a 7cac3197 7c549de2
AVD CRC d657d893 92c813f0 b47ceea8; bbb4cf10 86a79686 15fb0e02
AVD CRC 641f7f45 1dcd2f58 efc350b3; 3025d283 49af48a5 5a73320b
AVD CRC 54723549 6a6fe9d9 1ae97951; cad3b3a3 7b83e6ce 960dcca5
AVD CRC 1ebec303 8caf3c3f 5e43008d; 9a8055bc 66b38cf8 4a2788d1
AVD CRC cd69877f fb4e2745 d1ec3ed7; c8684e26 8281f938 8cf5f34f
AVD CRC 80652a7c c604343f c7cdc975; 9ff34f24 d2aed052 3769901
AVD CRC 3f2fa068 d7a3b560 25c2959d; 3974a110 6cbbaa15 1ceded2d
AVD CRC 503b5c55 97b565f0 f1d8a91f; 6f129ac a00d625 181cf9dc
AVD CRC acaaf241 aff4310c 3e644f09; 350d311 b3d93d5d db52ed1f
AVD CRC 659d43e 2a74581c 5d098960; cd9e6c4 989fc326 19afe37b
AVD CRC 41ca4eae 9d80e60c d96cce8; 25f51240 875e65e4 d6970193
AVD CRC f6e11e76 41ba0962 c6e8444f; 6dc9005f 8ea2c474 98da52e
AVD CRC 90b42512 22207ebb 523e8b25; 922c9e88 da0ae148 6e43597c
AVD CRC 6fb67d1e b22b1d11 2981108b; fed30292 f69f400e 16475a80
AVD CRC b73a6d47 174c83a9 f309f54e; a242816d f69f400e b40d33b0
AVD CRC e60949bf d3458a8e a4517b02; 45d476df c4ec850d df50d35a
AVD CRC 3227cd4c 46bf899b a3be633; e1abbc48 bed111bc 5c98c838
AVD CRC 3227cd4c 46bf899b a3be633; e46cbc7 6368b5d8 ac942515
AVD CRC c57f171c 2d4570cd 616acfba; 84ffca5e 54ed51f6 344cf7a1
AVD CRC 3fb994d2 e5f83702 255b1664; 84ffca5e 54ed51f6 344cf7a1
AVD CRC 42a39c4e dbd4fcd1 2a229b0d; 9e183350 85e9293a 74f83b96
AVD CRC bffdfd73 ecca19ff 7b85b6d3; e0067bd a66f5de0 26d28640
AVD CRC bffdfd73 ecca19ff 7b85b6d3; 821408c6 325d5ffa 78f2273e
AVD CRC 848a2477 795f5b0 1809dd8; c18f775d 2d5dc2d9 2fa2ba8a
AVD CRC d9fcabd9 e59c4818 aacc1fd1; c18f775d 2d5dc2d9 2fa2ba8a
AVD CRC f837b919 2fe6b81f a128f883; a46330e0 60422220 fe2e10c1
AVD CRC 9570266d 54d386e ebdae6b2; 16d2e1af b8b44d64 c40c9a3f
AVD CRC 9570266d 54d386e ebdae6b2; bceb0c0d 86cd4c01 e2f591d7
AVD CRC 8337d3a6 b773248b 8bb0ed3a; 17ae03fd 49f3df85 8bf9a940
AVD CRC 9b2f1a9 c2b36f5f 7f6ea5e3; 17ae03fd 49f3df85 8bf9a940
AVD CRC f936320d a788b24 28d8fceb; 153d45d1 c97de353 1cc1b279
AVD CRC 2508d914 5ae14fa6 6c9fdbe7; bd63ee87 aecf94cd 4d427b58
AVD CRC 2508d914 5ae14fa6 6c9fdbe7; 30e5e009 8e86e92 a659c45e
AVD CRC 7e738f86 b85f5b49 f938a70a; 7a499824 e1f61e1b e9f04671
AVD CRC dbd08642 a9bb930c 54b3759d; 7a499824 e1f61e1b e9f04671
AVD CRC ab349e7c b4ced884 e9e63839; 4ed1bafa c5178b29 305ec8a6
AVD CRC c4a995e1 e8c8c 54f3ba42; c4cfb0b8 8bafd4d1 592fa27c
AVD CRC 39a04de2 1890bb29 7b37feff; d58569af 5eb45211 901f1d85
AVD CRC 150c82ab 997c8cf4 2a472f48; 1e89519d 19a243f d017dd04
AVD CRC da88f971 850f4240 60306d6e; 1e89519d 19a243f d017dd04
AVD CRC 6f2005bc ec708e40 c39c21d8; 970f5c96 45d0abd0 d4dae607
AVD CRC df63db93 8e4a1208 2577d362; 3f0d926d a12c79b6 65262c99
AVD CRC df63db93 8e4a1208 2577d362; def754a5 9e15f671 559263ce
AVD CRC 37dfa9b1 f88eb9be 47de2b27; f9692604 f5fa919c 19fa8291
AVD CRC c3db7ea2 8118bbcd b47536f7; f9692604 f5fa919c ccb405ec
AVD CRC b64b3a4 5d86e17 a596804d; 395677ba 39d31947 88c00f36
AVD CRC 79258e62 858f53ca b2174591; b12217c5 e1c176d3 a338913e
AVD CRC 8819b59c 356fe880 f7c3087b; 87d0a638 5a75f9fd 4a556304
AVD CRC fb57f5d1 6cb9c235 cf19c1a4; bbd1c5f5 652af87 f61a9dfd
AVD CRC a01142e5 4fb0eeb1 eb0865e7; afeadf8f 572cbd8f 6b21db54
AVD CRC 6880b0df 58f879e0 ea682648; 95a71d94 254b55a3 c94b72e
AVD CRC d29fdb9 83da052 b4996e96; 95fdf91d 1aa46247 33dcc94b
AVD CRC d19081ef 271ac0d9 871e0cbf; 7c65678c 6e3169e5 dcf0a01a
AVD CRC d49bf7f2 a14ebb58 fc28d3b9; 7df5f518 2e537bac eb5678a1
AVD CRC 2c7529d8 4ec9f02c b1fdda9; 5b626ac1 2e537bac eb5678a1
AVD CRC 42fbfe2e 4cd7dbef 3abe3617; 7d396866 a1d9ae42 17cc7b41
AVD CRC d2fab3d7 4b63a625 1ae20a20; 300e5be4 58f308f3 c829c61f
AVD CRC 14226cfe 4b63a625 1ae20a20; ee2471d1 536d9628 abfd2328
AVD CRC 39879ac9 a57ffe6 fdae3eca; 405177a4 da94b845 576da36b
AVD CRC ce190629 81522e54 5d103d16; 3b254c83 da94b845 576da36b
AVD CRC 5da8c4f9 b51f2377 228b0434; 81fd4e79 34131853 605e0af6
AVD CRC 1f4ff295 9743848 37d41e9c; 76b67762 d72b5580 3ed9f0e2
AVD CRC ba3d23d4 9743848 37d41e9c; b32277af d8e3d34e aedb3fca
AVD CRC 7523a13e c73abd1a 44d81a80; 2fcf47f7 f61824e4 742005f9
AVD CRC 7a3aef 12ff5d68 de5454de; fec5798a f61824e4 c1b497ea
AVD CRC f5352112 63049b41 b2ac9980; 382d32e1 fa050717 95f64082
AVD CRC a5178262 db1fa439 f4578d70; 63349ae1 aede2c80 18f3c4eb
AVD CRC 8b6c0369 b8489d96 b897e1ce; 25382f46 1a277abf cb8b163d
AVD CRC 970dbcdd e53900dc fc2de791; 85a31ba8 441f80db 4e568f3a
AVD CRC 49dfacc0 62876a60 256c5bae; afb72c06 186b6953 174d15a5
AVD CRC 82ac9843 903cbdc7 dbed4672; ca332d70 99e7fd50 f7173e39
AVD CRC 36cec2d5 b70da5cb 786f7261; 7a4f71ac 1ac8b312 dcc35d1d
AVD CRC 36cec2d5 b70da5cb 786f7261; a7a37792 103ed206 43ddaa5a
AVD CRC e386d8dd 5c61f7f4 76d92a6; 7547c849 ed119d3f 9f518875
AVD CRC b052c387 d1512838 f5ee63c6; 7fb86f42 65515eec 7453cbe1
AVD CRC bfd74c9b ecef6aad 5a4be16b; 4c1cf203 89fbecd0 a37bc4ae
AVD CRC 5cf5857 52d078a0 57415283; d5d6425 5e5d39a4 d52e8da3
AVD CRC 5cf5857 52d078a0 57415283; 41d229a4 867eb7fd 92bbf0c6
AVD CRC b02cacb7 d8dcfd21 c6c624ac; 81e998da 99ce105b a4e32199
AVD CRC 3151266d ed2c6e74 ecba01f1; 81e998da 99ce105b a4e32199
AVD CRC 9ff72635 db7d1c60 467efb60; 4c199f64 6e2b386 92df4e16
AVD CRC 7da7222 7db15e9d 70bb7058; 67c76f35 1915f7e4 594ca1ab
AVD CRC 7da7222 7db15e9d 70bb7058; 21fe330c 89c7023c c1e5a874
AVD CRC 52960a93 c213ce46 30a2d781; a00b2a7 92824a49 58fa3ea3
AVD CRC c4a03765 4b9ec2df 2b66f68a; 54049de3 1000c5d7 e443253b
AVD CRC fbfe2647 cdb3a201 eebfcaa6; 4c0dae5e 2d04eb0e 300a513d
AVD CRC 8e230573 671ec7b9 14a292b1; d51ec91e 535b8578 c8acaec1
AVD CRC b9a8a124 596acb71 fceed407; 340bcf98 10454044 5692a585
AVD CRC e9737453 b47832a2 91c50e70; 43f49ad2 ccec62f8 b682818e
AVD CRC 1e71cc0c 29ebf43 b480da8b; 43f49ad2 ccec62f8 b682818e
AVD CRC c0e5bc2b 11aa959d b3c10b5b; 83320563 28fbe220 21d90028
AVD CRC f11aa68b cb30bc90 6a81027f; a9d7b930 172d491a dbb1f1ad
AVD CRC 5034bb05 41de139d 3aa5d00e; bec98979 a6b2d1a9 9657d1ed
AVD CRC 41eaa35d f4571226 30ace234; 6959578f b884408e 8fb5769f
AVD CRC 45c4257c 2906b1e9 deb9ee11; a4a2b1c1 b884408e 8fb5769f
AVD CRC b2eb10 b03869b0 f9b50604; 4336f47e 6c8062f4 336933a2
AVD CRC 3761b079 8c41af5c 3bed7bf0; f3c42ed0 15703bfd 4ff9be93
AVD CRC 3761b079 8c41af5c 3bed7bf0; 3567ff17 11f2a702 57d00aed
AVD CRC 3d27fd62 de7bfdd5 cd6cc8ce; 45792cd6 52fe7adf 2c026e0d
AVD CRC 3764af26 7bb78471 20b91fcd; 45792cd6 52fe7adf 2c026e0d
AVD CRC 81adbb53 76122d2e 5f7def52; ca677b81 8c89b39f bbb97b36
AVD CRC 81236992 72db4403 467204d6; 279c8d8a 838d1e04 a81205c
AVD CRC 81236992 72db4403 467204d6; 1a4112a2 7a4030a7 e90d3b5c
AVD CRC bc19c82d 801478a4 93127b00; f90cb4f8 a3a27735 8cce1d12
AVD CRC 6c6ca8c7 29d5a5c6 ecc722f4; 9c4d7064 f929e32b ab3cfa11
AVD CRC 2159fa12 532093de f28c5aca; 9264c434 d619b766 30de868a
AVD CRC dfd409 ceda84bd 6d35c003; 78faf0a0 29089813 db36d481
AVD CRC dfd409 ceda84bd 6d35c003; 2ad1d011 e61a5372 8efe3cdd
AVD CRC 9819d3db 1b1c946a 618c4b98; da972e0f 3cc006fc 76dd997d
AVD CRC ffc5121b a804c934 83299b74; ec7bddc8 a585eed7 5d5413a2
AVD CRC ab2b0e76 c15c5d67 94e28721; 5eec5e09 da6ac289 6c61892e
AVD CRC ef1c21d9 f5460391 b195bd97; 9084d111 9207d51c 2fc42623
AVD CRC a6ecc204 d28af867 edeb865b; c292c02 8a3bcae8 1827635b
AVD CRC 524c4089 cf2dfe4a d0e51e23; 68ef8967 84cf56d3 f25aceb
AVD CRC ef0f3261 f63a5b0e df0d18e2; 68ef8967 84cf56d3 f25aceb
AVD CRC fc2c4564 2d070809 fff7ff67; a6919e3 995d5768 d8635f6f
AVD CRC 367af35e ccc737b8 bd870195; a5ab2aea 5ab2d2e6 7d1da4f9
AVD CRC 367af35e ccc737b8 bd870195; 3e7294c4 a1e5dac3 916806af
AVD CRC be9c3429 1553715f e4a12edb; a3b1a931 f7046897 776bb636
AVD CRC df5dba12 7a2cf1c3 10361ebd; a3b1a931 f7046897 776bb636
AVD CRC 39754517 eb5c497a 75338cc; 8c75dc52 4687500c 7129f51
AVD CRC 627e8945 e8b2886 3be3d253; 585674b3 2984d761 5175e49b
AVD CRC 60c067a2 349e8412 384aefa1; 463fd46f 71a40bd8 bcf4ea3f
AVD CRC 9cfe438 3f9ba690 81dfe8b8; d8c8069 139a70d8 65f9975f
AVD CRC f7c1fcee 9df61ef0 cc248139; d8c8069 139a70d8 65f9975f
AVD CRC 4c63a398 990b8f86 4067938; 303be384 9f2215ee 5416ea19
AVD CRC 8c4b8235 ceeb09d2 1ce5e5be; cff5afd0 516709b8 6cabba27
AVD CRC 8c4b8235 ceeb09d2 1ce5e5be; c24555ee e595317e c558ad3e
AVD CRC ae82eb02 2d61e019 e58d3687; b4f8d9a 6b8ca86c cf779564
AVD CRC 3fb94b70 e8507646 3ac3bde9; b4f8d9a 6b8ca86c cf779564
AVD CRC f87437a0 66a4b3be cea844ff; 7c9b14e6 c23c5329 13de32ae
AVD CRC a0710254 d7b3f904 96883c27; df4b3c0f 29365bb7 9acaea2a
AVD CRC a0710254 d7b3f904 96883c27; 5d57cd61 795587f1 593fc1e9
AVD CRC 44a1a63b 8be3f3f e6f637f4; 15287e20 fb00e9d2 c9997c52
AVD CRC f7688b55 7dcc7296 506f2bcc; 15287e20 fb00e9d2 c9997c52
AVD CRC f00426e2 7ae89670 b7dd386b; 5035366f 3e37ed8b 87db923a
AVD CRC 36ab996a bb60ff43 dce9b4b3; a18959b2 e9e79ee 5a84b186
AVD CRC 36ab996a bb60ff43 dce9b4b3; 3c7d3530 5771c7db 6347c808
AVD CRC fbfb9510 c88d747 ad615a93; ca35119f 8b65ec0e 82dd8e24
AVD CRC 3c4a0069 33f0b166 180aaf9f; ca35119f 8b65ec0e 82dd8e24
AVD CRC 3e277df4 5d3e922f 8f597c35; 728c6535 c47811e3 8d30b1b1
AVD CRC 1f577c8b 6a93330 c4f4d047; 55ed570d ba3eea07 d947d991
AVD CRC 1f577c8b 6a93330 c4f4d047; 1d6fdd6b aa9680e3 5b0bf52
AVD CRC d5450abd d37714a2 d7851850; d3e82b38 68ca93f4 ab60a871
AVD CRC 19cb79f cd2e0e42 29284149; d3e82b38 68ca93f4 ab60a871
AVD CRC 6dba6e2b 3db86a83 f8ddd110; d6df1cd1 4392183e 3bee8837
AVD CRC 5f823fa9 e5164637 18b9d22a; af6fc772 41c7e782 a5c00b66
AVD CRC 9ce5ea0 4d94dd99 ced99874; 142dc897 23e3b4b1 e94dad7
AVD CRC fb3ce574 da84af68 da8f3b3b; cdc4781f bc923cc2 ce5f748d
AVD CRC 5695b064 a2bbbcfc adac4f30; dd761240 11a5eb8f c5eb1cb
AVD CRC 1a99feca 5b1ea3a9 36cdddd3; b2a3fd92 824d7fde 8659b8f
AVD CRC 85ca9727 b2859bae 2fa18f67; a56a6490 8dddf613 c0cb1cc4
AVD CRC de46f096 b2859bae 2fa18f67; 7034abd8 ba2f8d9 ab750d4e
AVD CRC 4d34d2c7 b052787d 2dc86f56; ab82d415 d9176fed f1677a83
AVD CRC 50613f97 5335da38 9af48789; ab82d415 d9176fed f1677a83
AVD CRC eed6cf2d f9306318 ec190a87; a2d36b2e 30478c55 ff1f533d
AVD CRC e3f5e84 f4ec42a5 8b344352; 9df14aa2 585eddff 7c5a2142
AVD CRC e3f5e84 f4ec42a5 8b344352; 77256b2c 8beefc46 278a9ee7
AVD CRC e9722215 8881f9f5 ab174739; e40305f1 49a57fb2 6db5aed5
AVD CRC 7ad57112 c7167bde ab7d9b28; e40305f1 49a57fb2 6db5aed5
AVD CRC 2f8fd91b 95fdf588 6b41c796; 43c1e0fd 129a3026 b5401ebb
AVD CRC e09bc2fe 580b0082 817d2540; 185078d d35cfe44 bb57e7da
AVD CRC e09bc2fe 580b0082 817d2540; 9da80b9c 1330c7ed 615d141
AVD CRC b6ff4dc4 633f3879 6bbbe191; e459b9d ad7d7aeb b27a2593
AVD CRC 19cd59ca f8fb689a 47e437c7; e459b9d ad7d7aeb b27a2593
AVD CRC 7db86824 855f9b40 abd5bb47; b5d40a9b 23af3c37 1e1efd12
AVD CRC 838c86e8 f446a6e6 87b2427d; 89fac737 420d4bdf 286ab5bc
AVD CRC 838c86e8 f446a6e6 87b2427d; 9648b2b5 dc2974d 50a1c14b
AVD CRC de74de1f f876a2d4 3c61c522; 2905185b afbf6d91 75b102fe
AVD CRC d036e44c f600157c e44c3a85; d403912 afbf6d91 75586b8d
AVD CRC 2a4454d3 70eb6f7a 68e8613b; a757e051 cb8cadcb 37092375
AVD CRC ba09ff0f b5dea9ab 2072dd95; 59425ea7 382eacba 9c813f03
AVD CRC ba09ff0f b5dea9ab 2072dd95; 1d956e6a e07126c 9dabfacd
AVD CRC 77df5284 bdb9af30 5cad146a; e90270f 86973079 6f5894dd
AVD CRC 743a1796 25f16cc0 83f65a7a; e90270f 86973079 6f5894dd
AVD CRC 38eecb54 411e1cfb b756a871; 6daf9c5b 5718cd57 60677ec8
AVD CRC a2f58f45 df947744 ec606db5; 742c68eb 35d12a90 833c3c8
AVD CRC a2f58f45 df947744 ec606db5; ae5f01b1 3dc8f12b 552bdced
AVD CRC fce95a13 9347ddcc ebdeb363; 16d406a1 77adb659 2489873b
AVD CRC b93a1c15 529e9bd6 2d64384b; cf507f73 e8549872 6b74dcc4
AVD CRC 4df62bdc 1272e7a a3467649; 8060a40f aac72ae8 ffc0274b
AVD CRC 1bc1e3d8 6b9f5920 2ec3cc7b; 9d45897d aaf8a7d0 df46ec11
AVD CRC ced86be2 3df2adbf 49efc7e5; be6fcf99 e987035e 8c4c864d
AVD CRC f67e624 367d0796 471daf86; 4bf3737a 62687120 ef9d659a
AVD CRC 5cee0568 8b0b0ca1 cbfda342; 8d9c6db5 af391117 ae1d72e7
AVD CRC 60dfc1fc 7fe02c6c 75597c0; 39648ef8 8675ec23 4f70c10b
AVD CRC 5d0a520b 56591ff4 91d077c; 31546e92 a7a3e0bd 7f33eb2e
AVD CRC c902f37e d8375600 d03cc621; 2c26d59a 7588cf24 8b566c20
AVD CRC a8debc16 2e92555e c138780e; cba6cb28 9bd11d43 7258b673
AVD CRC 2f36154f 6f6b2df2 794e5ab7; a24b7bf1 9bd11d43 7258b673
AVD CRC 80e0fe9c 79118cef 80d33a78; 1bbcf391 d8f079db 59ebe0a2
AVD CRC 927ced97 2423d8cf c7c607e3; 641657f5 3e5dd8c2 1498ce61
AVD CRC 13f8a06e 66478eb4 e84dd6af; f3062ad7 a1722367 55fe2b2a
AVD CRC ba1370a8 47e94bb2 a48a521c; 2573e120 429154df 7e5e7871
AVD CRC 65e77a24 738961ca a9fa52d2; 7cfd6b27 1d5b172a 726bf20b
AVD CRC 76278c93 ba94bbf8 301eee0f; e2271035 a588ee66 b5430b37
AVD CRC ff8cc511 1ecfc44b 34c541df; 236e4f6a a77ecf95 168a72a9
AVD CRC 6eb43ed1 c7cd347e 81259959; c01e5f10 c3b7d9ce 80a3eb0e
AVD CRC ccc676dc f8195898 2e8688c4; 98913287 9eac8df8 73bbf939
AVD CRC 1e2ae866 21fb8507 5fd00708; ab97d707 8897cdbb cdc61f22
AVD CRC dabc6eaf 750710a 551005e0; aadbcd8e d3c60db4 9ecd4e3f
AVD CRC 27f03e8b a67a4c cad14a19; 7458b1a3 ff74d614 a8843a7c
AVD CRC 63b82086 70770c8a 5f3edc53; 4adf125a 5534cb30 41b9f15
AVD CRC fdbf8352 8ae33f61 ec23c222; 42feb39b df1d152 23508d65
AVD CRC d1de67cb e7cfb623 b532d1b; 5aff90dc 11cc2961 42e04ad6
AVD CRC ae22e831 d83976b 74239131; 755d859c ca4c09ed cb8154a2
AVD CRC 1abe7694 e462ebb2 9a40eb9f; c5ecdceb 641bcb8f b94e2c6b
AVD CRC 1abe7694 e462ebb2 9a40eb9f; 66e8d493 5fb18422 f6388c61
AVD CRC f005d638 ed6b8560 ce04ac7c; 4c856514 33e0dc6c b118e572
AVD CRC 1094e7ef 30720db5 127442c4; 4c856514 33e0dc6c b118e572
AVD CRC 53d18407 ea23373f c820f732; b0eb87f3 67db3571 cd295ef7
AVD CRC 6e6ef355 e252411b 15ef4110; d963dadd 5f16f9f5 3d02f16e
AVD CRC e25c08a9 4a9b2ab2 cc65386d; c8fe631e 9b604665 dc48c1fa
AVD CRC d4cc8eca 5f4f6248 b8843334; a25a3b33 9165152b e0ab61fc
AVD CRC 4c4d0238 d6073483 c9c5420f; 1e4de897 f56c63f1 64b171a7
AVD CRC 2dc42024 8c565661 d00eba2c; 8724747b 6f94de6b 712d0057
AVD CRC f728003e dae61be0 ff801eda; 92b1b7b2 e7b9b64d eeff00f6
AVD CRC 59967fbd 94ac96a9 a1942c52; 47a6d02 93daa487 f647b78a
AVD CRC 585d87da 8bbf5661 20c94eee; 93c6ed00 99a22e26 a3d37bf0
AVD CRC a3becd36 5721c7fe f111e272; 7b0ed70f f5b6177b 71299eec
AVD CRC a53048f5 a026ca74 7cb3c35c; d1615226 cc46b108 52838bcb
AVD CRC de40e1d8 93dd0423 481afa30; c6ed8372 53bf79a7 46cd7dfa
AVD CRC 323781db 5a2ebfe3 6243f90a; fd35795a a11fa47 f7ba8e44
AVD CRC 583be5b9 85acb14 e2dcac69; ede39be9 67cb6245 3daed50b
AVD CRC 7eb08c36 bfb8c1f9 dc550b4; ede39be9 67cb6245 3daed50b
--------------------------------------------------------------
revision S
AVD CRC 5eb90ba 16f3062 1809211; 5eb7f68 170d3ab 1807ef6
AVD CRC 5eb9561 16f6ff8 180bc4d; 5eb42ca 16dead0 180c5cb
AVD CRC 5eb2bd7 16c3f8d 17fd88f; 5eb853c 16e30bd 1817d5d
AVD CRC 5eb76c1 16c8ab6 181ceb0; 5eb81a1 16e3fef 1817b1c
AVD CRC 5eb09ef 16e0da5 18193d8; 5eb3a2b 16dde1a 180317d
AVD CRC 5eb1653 16d7bf5 181a687; 5eb63ce 16e033e 181374b
AVD CRC 5eb1875 16d644e 181abbb; 5eb0e5d 16cad98 181e6f4
AVD CRC 5eb136a 16cdfe4 1827ad1; 5eb59d4 16c2ab4 1816c11
AVD CRC 5eb34ee 16bb94e 182bdc6; 5eb5923 16c3185 1817110
AVD CRC 5eb88e4 16c44ee 182237c; 5ebd55e 16bf505 1822779
AVD CRC 5eb71ec 16d210e 181681d; 5eb722d 16bf6a8 181dab9
AVD CRC 5eb7741 16d2c8e 1816769; 5eb8a6c 16cc5ce 1816b74
AVD CRC 5eb8ef1 16c84e4 1817982; 5eb46f5 16de589 180a979
AVD CRC 5eb6a07 16cf177 180bc3d; 5eb537a 16dd16a 1809e07
AVD CRC 5eb9f96 16d4c6c 1815b34; 5eb868d 16ee675 181b6b6
AVD CRC 5ebb8f5 16d9f84 17fca9a; 5eba5b7 16e6d9c 18186a9
AVD CRC 5ebb0b6 16d9a9e 17fcd30; 5ec00dc 16e4ea1 18092e3
AVD CRC 5ec28a3 16d86dc 1811a57; 5ebc24d 16e912b 17f92e3
AVD CRC 5ebc8de 16f405a 17fae40; 5ebbfb9 16e8d3f 17f8ff2
AVD CRC 5ebc51e 16e7b6b 1810eb5; 5ebac83 16e43b2 180c1bd
AVD CRC 5eb6c51 16f28ce 17fd383; 5eb7863 16fa222 17f14b8
AVD CRC 5eb6b09 16f26be 17fd458; 5eb1fd0 170502b 17ffae8
AVD CRC 5eb1be8 1704818 1808677; 5eb3b3d 170e037 1802ee7
AVD CRC 5eb2d48 1705613 18097fd; 5eb2d64 170ba2d 17fde2b
AVD CRC 5eb76e1 1712b1d 181dcd1; 5eb5da7 1707c58 181d706
AVD CRC 5ebca0e 1708d38 1818fb1; 5ebcf95 170b091 1833a57
AVD CRC 5ebc4f7 1708d2a 1818ba2; 5eb9888 170ea34 182c349
AVD CRC 5eba0d2 17041cf 18192e5; 5eb89ec 171ec46 1826be3
AVD CRC 5eb962d 17072f3 180977e; 5eb885c 171d8af 1823a4d
AVD CRC 5ebbd40 1715c1e 1819c78; 5eb872e 171bbbf 182bff7
AVD CRC 5eb9f98 16f65d0 1819b39; 5eb581c 16fb736 180407b
AVD CRC 5eba0ee 16f672a 1819bfb; 5ebad97 170c67b 1805abb
AVD CRC 5ebfcb9 1703014 1819cd7; 5ebdcf6 1717b9a 1801874
AVD CRC 5ebbcea 16ffe8b 1813b4a; 5ebec25 1715957 17f8e80
AVD CRC 5ec88a0 170e410 1826673; 5ecc662 16fe08f 18215bd
AVD CRC 5ecdb0a 16ee647 18020b4; 5ecc85d 16fb01d 17fe9d2
AVD CRC 5ecd8e3 16efb85 1804e51; 5ece510 1709c7e 180fca5
AVD CRC 5ed1815 16ff8ec 17fa1a9; 5ed8bc7 172285b 17fc3a8
AVD CRC 5ed6352 170af16 17f50b7; 5ed8df2 1723095 17fcca2
AVD CRC 5eddc0c 171bedc 17f2400; 5ee2987 171e2f5 1803775
AVD CRC 5ed92ad 172035e 17e226b; 5edf507 1720840 17e5be3
AVD CRC 5ed89b5 17213b0 17dffad; 5eda3ae 1715da8 17c7def
AVD CRC 5ed0adc 1721ff5 17d76f7; 5ed645a 171e83d 17cd5ea
AVD CRC 5ed03d3 171a2d9 17c4d50; 5ed63ef 171ec13 17d17de
AVD CRC 5ecf82a 171e7c4 17d481f; 5ed54d3 171e9e0 17dbd82
AVD CRC 5ed0443 16f42a4 17be80e; 5ed3f63 17187e1 17c6750
AVD CRC 5ed0890 16f42ab 17bdeda; 5f21c40 183ee22 16fc8a7
AVD CRC 5f22ffc 1820512 16e7e82; 5f08e4f 1848ad4 16e6c97
AVD CRC 5f05d7f 1834a3b 16db9cb; 5f08e01 1848ad4 16e6c96
AVD CRC 5ef123a 18270d8 16d2ade; 5ef07ed 18220e9 16e2e10
AVD CRC 5ecf835 18191dc 16da75b; 5ecfdb4 1817a01 16eee22
AVD CRC 5ecf835 18191dc 16da75b; 5ebbbab 180ea52 16f76ef
AVD CRC 5eb65b3 183e896 16e1567; 5ebf04c 186d047 16f78cf
AVD CRC 5ec0840 18328b7 16e065f; 5ebf04c 186d047 16f78cf
AVD CRC 5ed967b 18171ca 16d35d4; 5ed715d 1836a56 16d912a
AVD CRC 5ee599a 18299fc 16fd0e6; 5ee2166 181e410 16dec90
AVD CRC 5ee599a 18299fc 16fd0e6; 5ee5bc3 18430d9 16efd89
AVD CRC 5ee8a36 183c48d 16f5dbf; 5f1463f 1828faa 17070e7
AVD CRC 5f17aff 1812f66 1705464; 5f1463f 1828faa 17070e7
AVD CRC 5f452cc 1815bf4 16fe597; 5f4444a 1808d3b 16f56db
AVD CRC 5f56a75 1808410 171b654; 5f5c21b 18121ef 1716720
AVD CRC 5f56a75 1808410 171b654; 5f62aaa 17f132d 1705b47
AVD CRC 5f595d4 17f877a 1726982; 5f58e69 17f69c6 1734edd
AVD CRC 5f57c6e 17f974b 17395c6; 5f58e69 17f69c6 1734edd
AVD CRC 5f4dd35 1808dea 173fa27; 5f53640 181221b 1741062
AVD CRC 5f4859c 1804f76 171abd1; 5f4bcd1 18056ae 170e164
AVD CRC 5f4859c 1804f76 171abd1; 5f45f92 17e66c1 16e9ae7
AVD CRC 5f409a9 17e1310 16eb1cd; 5f29841 17ba612 170ebbb
AVD CRC 5f2b600 17b56aa 171a5fd; 5f29841 17ba612 170ebbb
AVD CRC 5f3107c 17b6c15 16f439a; 5f3bcda 17cb7b3 16f8771
AVD CRC 5f18ced 17936a9 1754efd; 5f17fba 179c5a9 1764dda
AVD CRC 5f18c33 17a37d6 176927b; 5f13b6d 17af324 17c30f9
AVD CRC 5f1182d 179b89c 17b33f3; 5efd871 17bae45 17fdf07
AVD CRC 5efe6cf 17bb406 1818361; 5efd871 17bae45 17fdf07
AVD CRC 5f28b8f 17d9b5c 18b6fd5; 5f28065 17dee24 18b2e50
AVD CRC 5f1a459 180da07 18ccd33; 5f14ff6 1819fd3 18ba549
AVD CRC 5f1a459 180da07 18ccd33; 5f04cbe 17a29d2 1813521
AVD CRC 5f03091 179ac85 17f3701; 5ef3e0c 1776930 17bf0a6
AVD CRC 5eeb23e 177da88 17c33ea; 5ef3e0c 1776930 17bf0a6
AVD CRC 5eccad6 1790512 16f6cbb; 5ece70c 1788806 1706ebb
AVD CRC 5ecef86 177f7ab 1732d25; 5ed0fc0 1784e76 1747242
AVD CRC 5ecf05e 177f793 1732d3c; 5eccb8e 179b2ec 17d9476
AVD CRC 5ec8a8f 179c609 17e4ad6; 5efc350 17af332 18a987e
AVD CRC 5efc927 17b575a 18b00a7; 5efc3b0 17ace68 18abd3c
AVD CRC 5ef5be3 17c9efb 1923226; 5eefa7e 17d849d 192fe8f
AVD CRC 5f1f1ff 17d3a03 1923055; 5f2323b 17c5f9c 191f165
AVD CRC 5f1f1d7 17d3a53 192275c; 5edb0bd 17e433c 18409e6
AVD CRC 5edc745 17dd769 1844e0c; 5f194ee 17f45a3 17ac5c8
AVD CRC 5f18b1f 17eeb82 17b072f; 5f1952e 17f45a3 17ac5c8
AVD CRC 5ef4ea4 17f00f0 17897ee; 5eece69 17ecbb8 178056a
AVD CRC 5ecb8c0 17c6ba7 16f5afc; 5ecb6c6 17ba1e0 16f9989
AVD CRC 5ecb8be 17c6ba7 16f5afc; 5eef751 17ae456 1673ac7
AVD CRC 5eee965 17b467d 16719fc; 5eeffb5 178ecdd 16a2407
AVD CRC 5ef2d18 17933ec 16a936b; 5ef000f 178ecdd 16a2407
AVD CRC 5f1b8ba 17b50c4 16eb1a4; 5f1e98d 17b5d6e 16f482a
AVD CRC 5f02edd 17b9db5 1749aac; 5f04fa2 17caa1d 1754eb0
AVD CRC 5f02e9b 17b9db5 1749aac; 5ef7361 17a58c7 17e865d
AVD CRC 5ef8296 17afab3 17f30e4; 5f08a70 17b287c 1853b21
AVD CRC 5f0a6d1 17aa9d7 183aa9f; 5f08a1f 17b287c 18551ad
AVD CRC 5f0c5f7 17b895f 17f2091; 5f0e2b8 17b44b6 17f06ac
AVD CRC 5f2036d 1799900 1771f3d; 5f20433 17a5355 177e158
AVD CRC 5f202c9 1799402 17667fd; 5f61dda 17ae066 1708b9a
AVD CRC 5f578ca 179da74 1719619; 5f3c745 17b140c 171cf3b
AVD CRC 5f36695 17b6ffe 171970d; 5f3c785 17ad43d 171cf51
AVD CRC 5f1c4bb 17bf740 1829911; 5f1e608 17c6c5b 182ec32
AVD CRC 5f2cbae 17c5912 18b2f23; 5f3194e 17d541b 18b1e1c
AVD CRC 5f2cbae 17c5912 18b2f23; 5ef7d91 17d5d96 18ac09a
AVD CRC 5ef3457 17cce6a 18a0fb5; 5eeb712 17ec595 1818d7d
AVD CRC 5ee54f1 17e94ff 182466e; 5eeb7d3 17ec595 1817a6d
AVD CRC 5efc398 17d3107 1793298; 5effdba 17d469e 178c883
AVD CRC 5f03e40 17e2bdc 1725065; 5f071f7 17eee48 171adb9
AVD CRC 5f03e40 17e2bdc 1725065; 5ef9b0d 17d7e8b 172794e
AVD CRC 5ef4fbd 17c5ab1 174face; 5ed1f6c 17bcbd2 1785e54
AVD CRC 5ed2396 17d56b4 1769896; 5ed1f6c 17bcbd2 1785e54
AVD CRC 5edf35a 17ddd20 1798ccd; 5ee3277 17ded77 17aac4e
AVD CRC 5ede0d8 17e4362 177a67a; 5ee7836 17e95ab 1750fb1
AVD CRC 5ede0d8 17e4362 177a67a; 5ee271e 17f0871 173c48b
AVD CRC 5edd324 17f87f2 17405f4; 5ecdc59 1800aa1 16f7768
AVD CRC 5ec87b2 17f6fd2 170a0cd; 5ecdc93 1800aa2 16f776c
AVD CRC 5ed1d04 17f8634 1747507; 5ed880c 17ff57a 1733e0e
AVD CRC 5eb67cb 17f5354 17c746a; 5ebb00a 17f966c 17b34f3
AVD CRC 5eb6ad2 17f59dc 17c7557; 5ecf666 17e2da9 181330d
AVD CRC 5ece66a 17dcc6d 1825a84; 5ed5afb 17d4dd2 1814497
AVD CRC 5ecff53 17c91b9 181a656; 5ed5afb 17d4dd2 1814497
AVD CRC 5ed0d73 17720b3 184f7f4; 5ed6871 177efec 1849c39
AVD CRC 5edbe75 1794411 18640f0; 5ee2509 1785901 185b797
AVD CRC 5edbea7 179449d 18640e5; 5f087af 17b0a26 1840d08
AVD CRC 5f01f48 17b40fe 18455d2; 5f1b458 1789310 1827638
AVD CRC 5f158cf 17a1698 182c263; 5f1b480 1789310 1827638
AVD CRC 5f22fa8 17d1c92 1819c2f; 5f29381 17d801b 180b045
AVD CRC 5f370e6 17d5fb8 18346b6; 5f3db36 17c4301 182a745
AVD CRC 5f370e6 17d5fb8 18346b6; 5f6c060 17cb4a1 1821c07
AVD CRC 5f69160 17c1e02 182bb4a; 5f87b68 17d591f 1811646
AVD CRC 5f85896 17dc120 180f851; 5f87b68 17d591f 1811646
AVD CRC 5f71d0a 17ec10e 17ed509; 5f71bf6 17d3333 17f1344
AVD CRC 5f7816d 18003ea 17e09fa; 5f6d206 17da3a6 17b7eb8
AVD CRC 5f7816d 18003ea 17e09fa; 5f55a4e 1807f7a 17b1010
AVD CRC 5f5b8cb 17f687e 17ab826; 5f333a4 181fd76 17a4cd1
AVD CRC 5f2b195 1824d52 179ddaa; 5f33681 181d706 17a4c54
AVD CRC 5f23c78 182fa06 17b053a; 5f251c2 1847de3 17ab594
AVD CRC 5efac6e 183b689 17e6ded; 5efde4f 1860e1a 17ef553
AVD CRC 5efac6e 183b689 17e6ded; 5eef6b2 1825841 17f9178
AVD CRC 5eeb03e 1848737 1801167; 5ebf68d 181cb9b 1833251
AVD CRC 5ebfbf8 180717e 181766a; 5ebf67f 181cc8b 1833250
AVD CRC 5e94152 185d64d 1842e9b; 5e9138c 18663cf 1859851
AVD CRC 5e77c9d 1838983 1844107; 5e7fdf1 181bc9e 182e183
AVD CRC 5e77ce0 1838934 184411f; 5e75d7e 1813261 184d995
AVD CRC 5e7480e 1813f13 184a2bd; 5e684bc 181a20e 1855ea5
AVD CRC 5e64039 18163c2 18620c1; 5e684bc 181a20e 1855ea5
AVD CRC 5e670c6 17d4f84 183e0cd; 5e698bb 17e3400 183e95c
AVD CRC 5e727f6 17d7b38 184c356; 5e6c82a 17e6567 185aa64
AVD CRC 5e727f6 17d7b38 184c356; 5e6ff2a 17c71d6 1854d02
AVD CRC 5e75cd9 17e0ac7 18624b1; 5e63042 180c1d1 1860b07
AVD CRC 5e677e9 17d46d8 185af88; 5e63042 180c1d1 1860b07
AVD CRC 5e78ce2 17ac5cd 18504c6; 5e6d182 17be8d5 1842822
AVD CRC 5e8c55b 17ac8da 18574ff; 5e7b339 17ac5a2 184ac82
AVD CRC 5e8c423 17bd743 185497d; 5e885e3 177d173 183a7e7
AVD CRC 5e8d6e6 177806e 1840f07; 5e809a4 17692cd 185e38c
AVD CRC 5e861cb 175dcf9 1862251; 5e809a4 17692cd 185e38c
AVD CRC 5e75641 1755462 186ff3a; 5e6a812 174f0db 1864e5f
AVD CRC 5e87df8 175be5a 185daf3; 5e80c3a 174f462 185659e
AVD CRC 5e87df8 175be5a 185daf3; 5e9a5be 1728038 1862ea3
AVD CRC 5ea0f02 175bca5 1863486; 5ea979d 1723bd4 1847239
AVD CRC 5eaeee3 1739501 1854b9f; 5ea979d 1723bd4 1847239
AVD CRC 5ec01ea 17263ca 1840b2e; 5ec06e5 1705c45 18347c7
AVD CRC 5ebe366 16f5d84 1850c29; 5ebade8 16fa294 185c383
AVD CRC 5ebe366 16f5d84 1850c29; 5ea4a63 16bf78b 186438e
AVD CRC 5ea7c93 16c49d7 1869ba2; 5ea4b40 16aa2a2 1845bd1
AVD CRC 5ea9e48 16afc0c 183ef7b; 5ea4b40 16aa2a2 1845bd1
AVD CRC 5ec0551 16965ec 1869196; 5ebb4ce 16b1fc8 186f44e
AVD CRC 5ea3bab 169f82b 1852fe0; 5ea05b0 16b4cbb 1855504
AVD CRC 5ea3bab 169f82b 1852fe0; 5e70c42 16af59d 186666c
AVD CRC 5e78061 16a52ae 1846c1d; 5e55f42 16af982 18431fa
AVD CRC 5e61abb 16ad50b 1850143; 5e55f42 16af982 18431fa
AVD CRC 5e58657 16c998a 184e38d; 5e54703 16e7791 184e575
AVD CRC 5e68377 16e156d 18455e5; 5e73dd7 16e28d2 18576fb
AVD CRC 5e68377 16e156d 18455e5; 5e7fdc5 16f0960 183ab3c
AVD CRC 5e89da7 16de2f0 1857f70; 5e8267a 16fe536 184e416
AVD CRC 5e7f419 1712465 185d92f; 5e8267a 16fe536 184e416
AVD CRC 5e6893c 17204db 186059f; 5e71930 16f8345 184fb76
AVD CRC 5e5dc62 174fd8d 1855071; 5e5f4c5 173c9b6 1844a75
AVD CRC 5e5dc1a 174fda9 1855079; 5e7076b 172b749 1846442
AVD CRC 5e760f6 1749c57 184a610; 5e8c774 1736a0d 1841779
AVD CRC 5e8baa2 174877f 184a7d6; 5e8c79b 1736a07 184177d
AVD CRC 5e9a71e 1757a10 183d5bf; 5e91d44 174ad95 183c596
AVD CRC 5ea042b 1742f0e 183d86a; 5e9db79 172af0c 1836164
AVD CRC 5ea043c 1742f0e 183d86a; 5eb46a3 172ef89 182f360
AVD CRC 5ead087 1724411 183af14; 5ecd0d1 1736d7d 181a0cb
AVD CRC 5ecae48 1747eff 1821360; 5ecd0d1 1736d7d 181a0cb
AVD CRC 5eb45ed 1703de1 1816666; 5eb23de 1711587 1822363
AVD CRC 5eab559 1718237 180e91d; 5ea9a5d 1719500 181da28
AVD CRC 5eab559 1718237 180e91d; 5e90226 170cc68 1821cdd
AVD CRC 5e964b9 1719d8f 180a9aa; 5ea2d8c 170e064 180a4df
AVD CRC 5ea8801 16f56c8 180d90f; 5ea2d8c 170e064 180a4df
AVD CRC 5ed302a 1702f54 17fe8ef; 5ed5d9d 1702629 18001db
AVD CRC 5edb2a0 16fc1bd 17f6f62; 5ede262 1704b24 17fdf61
AVD CRC 5edb2a0 16fc1bd 17f6f62; 5f16cf5 16f173e 17f5db5
AVD CRC 5f134f7 16f5d71 17f9da2; 5f641d3 16eef29 17e8a36
AVD CRC 5f63ff3 16fd394 17ec699; 5f641d3 16eef29 17e8a36
AVD CRC 5f697b3 171be33 17ef2b1; 5f67c9f 171421f 17e5f59
AVD CRC 5f59f02 173a417 17dee7d; 5f53425 174ddfe 17ddc79
AVD CRC 5f59f02 173a417 17dee7d; 5f24462 1760109 17ea1ae
AVD CRC 5f2fedc 17783b7 17e2aa4; 5efc8ae 177e4d5 17f224a
AVD CRC 5efbba4 1783bf1 17fa3ea; 5efc85d 177e4d5 17f224f
AVD CRC 5ee5dee 17ac8f4 17c7bac; 5ee5681 17a57fb 17cced4
AVD CRC 5ecffd0 177d10d 1797bde; 5ed318d 178a6a2 17a643b
AVD CRC 5ecffd0 177d10d 1797bde; 5ebd34c 1770ecb 1785986
AVD CRC 5ebf0b8 1766d37 17849c5; 5ec250d 1758a31 176aa8c
AVD CRC 5ec98bd 17606b5 1770c49; 5ec250d 1758a31 176aa8c
AVD CRC 5ee1ae8 170e124 175895c; 5edfbc6 16f96d5 175b4aa
AVD CRC 5ee1b10 16daba1 176332d; 5edbc85 16d299e 17644c7
AVD CRC 5ee1b10 16daba1 176332d; 5ec9ad2 16ae0c9 17847b0
