video protocol: H265
revision all
AVD CRC 7e56b6ad 1f844a7e 1f833393; 0 0 0
AVD CRC 7e56ee99 1f847364 1f8361d3; 0 0 0
AVD CRC 7e576e8d 1f84d2f3 1f836d99; 0 0 0
AVD CRC 7e565321 1f84c3f4 1f838648; 0 0 0
AVD CRC 7e56e88c 1f84957a 1f83afea; 0 0 0
AVD CRC 7e592fb4 1f850753 1f83b8a7; 0 0 0
AVD CRC 7e598f7f 1f852993 1f841aa8; 0 0 0
AVD CRC 7e5a08a6 1f85786b 1f843cb2; 0 0 0
AVD CRC 7e59a2d2 1f85bdc2 1f841fb9; 0 0 0
AVD CRC 7e5c4a84 1f85db07 1f849fb1; 0 0 0
AVD CRC 7e640723 1f86403a 1f85de25; 0 0 0
AVD CRC 7e53cc46 1f877cb0 1f875dd4; 0 0 0
AVD CRC 7e352d74 1f884250 1f85ebf2; 0 0 0
AVD CRC 7e371f39 1f8a18f5 1f89928d; 0 0 0
AVD CRC 7e655e08 1f8cb78f 1f894318; 0 0 0
AVD CRC 7e5ccee7 1f8f668c 1f8ab5db; 0 0 0
AVD CRC 7e7462e9 1f92f0b1 1f897d94; 0 0 0
AVD CRC 7e8ad701 1f8ebaaa 1f85fa34; 0 0 0
AVD CRC 7e4e7370 1f885eda 1f80e698; 0 0 0
AVD CRC 7dd7c637 1f846e24 1f7f39a6; 0 0 0
AVD CRC 7db1ddb2 1f844a24 1f7b4b94; 0 0 0
AVD CRC 7dff55d9 1f827244 1f7c9991; 0 0 0
AVD CRC 7e19a22b 1f8257bb 1f810fc6; 0 0 0
AVD CRC 7e34bb4e 1f81caad 1f83241f; 0 0 0
AVD CRC 7e205db8 1f7e1342 1f852271; 0 0 0
AVD CRC 7de749e2 1f77e533 1f8804fb; 0 0 0
AVD CRC 7df9f6be 1f77827f 1f886500; 0 0 0
AVD CRC 7de71870 1f75dc8d 1f89f6a0; 0 0 0
AVD CRC 7e314604 1f73b840 1f84dcd6; 0 0 0
AVD CRC 7e42f108 1f71f394 1f806c74; 0 0 0
AVD CRC 7e4c36d6 1f79409e 1f815297; 0 0 0
AVD CRC 7e0c67b6 1f826372 1f7d54e1; 0 0 0
AVD CRC 7e0a6f5e 1f8286f1 1f79b755; 0 0 0
AVD CRC 7e17c0c0 1f7ece19 1f762aad; 0 0 0
AVD CRC 7e2862d6 1f7d1a4c 1f7020c8; 0 0 0
AVD CRC 7dfd2848 1f817e4f 1f681a86; 0 0 0
AVD CRC 7e163ddc 1f7d2d41 1f693bcd; 0 0 0
AVD CRC 7df9842a 1f731a2b 1f74e31e; 0 0 0
AVD CRC 7e061c9d 1f72929e 1f7f8a6b; 0 0 0
AVD CRC 7e2c1a29 1f7def01 1f7d0419; 0 0 0
AVD CRC 7e5b1342 1f81a478 1f7aac13; 0 0 0
AVD CRC 7e65249b 1f827430 1f7d618f; 0 0 0
AVD CRC 7e594406 1f7f7eb9 1f7f14de; 0 0 0
AVD CRC 7e50cecb 1f7dae4f 1f7edde5; 0 0 0
AVD CRC 7e4d7eb3 1f7d0dc9 1f7e67d2; 0 0 0
AVD CRC 7e51692e 1f7c6a84 1f7e2ace; 0 0 0
AVD CRC 7e4e67d4 1f7c4269 1f7df9aa; 0 0 0
AVD CRC 7e4bbb6f 1f7c9ad5 1f7dd48a; 0 0 0
AVD CRC 7e4b7d8c 1f7cb2f3 1f7d9fde; 0 0 0
AVD CRC 7e485834 1f7ca040 1f7df891; 0 0 0
AVD CRC 7e4764c5 1f7ce32c 1f7e4877; 0 0 0
AVD CRC 7e47b74b 1f7d6b06 1f7e4958; 0 0 0
AVD CRC 7e464362 1f7d17c7 1f7e6572; 0 0 0
AVD CRC 7e44a3af 1f7e2956 1f7e82ad; 0 0 0
AVD CRC 7e42f35f 1f7e6b78 1f7e8fe4; 0 0 0
AVD CRC 7e4486a8 1f7ed495 1f7eeac7; 0 0 0
AVD CRC 7e43e36a 1f7ef472 1f7ebc65; 0 0 0
AVD CRC 7e4346aa 1f7f301b 1f7e67c8; 0 0 0
AVD CRC 7e439738 1f7f5908 1f7e5cf1; 0 0 0
AVD CRC 7e4414fe 1f7f581a 1f7e4fb0; 0 0 0
AVD CRC 7df1d240 1f76af1f 1f6af21a; 0 0 0
AVD CRC 7df002bc 1f7c4bcb 1f6b100d; 0 0 0
AVD CRC 7df1beb7 1f7b1582 1f6afbe7; 0 0 0
AVD CRC 7dede2fb 1f799a8a 1f6ac986; 0 0 0
AVD CRC 7ded4bab 1f791835 1f6a088b; 0 0 0
AVD CRC 7de8f372 1f79df23 1f68ba85; 0 0 0
AVD CRC 7de9b2a7 1f7af05a 1f67abc8; 0 0 0
AVD CRC 7de786d2 1f7d3cde 1f67ce9d; 0 0 0
AVD CRC 7de75643 1f80b254 1f68329b; 0 0 0
AVD CRC 7debbb8a 1f81cc93 1f68702c; 0 0 0
AVD CRC 7defeb1c 1f82d7ba 1f6888e4; 0 0 0
AVD CRC 7df2fa08 1f82744e 1f68bc8f; 0 0 0
AVD CRC 7df38b04 1f815ac7 1f699e00; 0 0 0
AVD CRC 7df8bf4f 1f80ce4a 1f6aed40; 0 0 0
AVD CRC 7e01b51e 1f804b3d 1f6c2640; 0 0 0
AVD CRC 7e0d3b3e 1f7e3713 1f6d55ba; 0 0 0
AVD CRC 7e0d21ca 1f7caa11 1f6e19aa; 0 0 0
AVD CRC 7e09e730 1f7d4568 1f6df24d; 0 0 0
AVD CRC 7e072c1c 1f7bd526 1f6d71f4; 0 0 0
AVD CRC 7e04fad0 1f7eb518 1f6ce5df; 0 0 0
AVD CRC 7dfcf4a5 1f7f9e85 1f6bea46; 0 0 0
AVD CRC 7dfe3211 1f811d39 1f695a86; 0 0 0
AVD CRC 7dfdb83a 1f82c374 1f66852d; 0 0 0
AVD CRC 7dffa083 1f84603c 1f6433dc; 0 0 0
AVD CRC 7e014723 1f84ea01 1f626318; 0 0 0
AVD CRC 7dffe06c 1f85590f 1f60351e; 0 0 0
AVD CRC 7e0051a5 1f8500ee 1f5f53be; 0 0 0
AVD CRC 7dfd291b 1f84e0dd 1f5f61e4; 0 0 0
AVD CRC 7df6bef6 1f85ee7b 1f5e5146; 0 0 0
AVD CRC 7df3d5ab 1f876fe9 1f5d3dc9; 0 0 0
AVD CRC 7deeaa07 1f86d32d 1f5cef90; 0 0 0
AVD CRC 7de9bf49 1f85b591 1f5d511f; 0 0 0
AVD CRC 7deb16d0 1f84b362 1f5da8ea; 0 0 0
AVD CRC 7decde36 1f83b0c8 1f5d7840; 0 0 0
AVD CRC 7df39dcb 1f837e81 1f5e88b7; 0 0 0
AVD CRC 7df9e1e4 1f83386f 1f5f45bd; 0 0 0
AVD CRC 7dfd9654 1f822a69 1f5f6ce3; 0 0 0
AVD CRC 7e048c7b 1f826842 1f5f0d1c; 0 0 0
AVD CRC 7e0b979f 1f82da10 1f5f507e; 0 0 0
AVD CRC 7e17b67a 1f80daa9 1f606bd0; 0 0 0
AVD CRC 7e1dbeea 1f7c6509 1f622942; 0 0 0
AVD CRC 7e22103b 1f7a6134 1f61c50a; 0 0 0
AVD CRC 7e175d45 1f787201 1f61306f; 0 0 0
AVD CRC 7e11d678 1f783043 1f63182f; 0 0 0
AVD CRC 7e0b7c34 1f7b4ea1 1f6180a5; 0 0 0
AVD CRC 7e05d8eb 1f7cf83d 1f5dac94; 0 0 0
AVD CRC 7e0303aa 1f7f4c09 1f5b1746; 0 0 0
AVD CRC 7dfc3105 1f811c63 1f5a78f0; 0 0 0
AVD CRC 7df75895 1f81cfe8 1f5bf423; 0 0 0
AVD CRC 7df52799 1f82f59b 1f5cad52; 0 0 0
AVD CRC 7df7a06d 1f80de6e 1f61a5bb; 0 0 0
AVD CRC 7ded580e 1f7fe77f 1f6b6594; 0 0 0
AVD CRC 7dec6a64 1f80f52b 1f6f09d3; 0 0 0
AVD CRC 7deed3e9 1f7bd61b 1f6e62af; 0 0 0
AVD CRC 7de49f82 1f797857 1f70ba95; 0 0 0
AVD CRC 7df12e4d 1f7b82b6 1f69b625; 0 0 0
AVD CRC 7df8be34 1f7a73d4 1f635a80; 0 0 0
AVD CRC 7e013e55 1f7341a0 1f66e151; 0 0 0
AVD CRC 7e1705a7 1f7bf0b1 1f6c1813; 0 0 0
AVD CRC 7e217429 1f80d16b 1f7664f0; 0 0 0
AVD CRC 7e164821 1f8054af 1f777983; 0 0 0
AVD CRC 7e227ffa 1f818614 1f764d4c; 0 0 0
AVD CRC 7e15b0ec 1f8483d1 1f77128e; 0 0 0
AVD CRC 7e1b9f78 1f879319 1f77ba4b; 0 0 0
AVD CRC 7e1b26bc 1f8810c4 1f75c5f1; 0 0 0
AVD CRC 7e1b53f1 1f86251c 1f747441; 0 0 0
AVD CRC 7e1b128d 1f84d9ca 1f736bdb; 0 0 0
AVD CRC 7e19fc1f 1f83eb3a 1f7392c3; 0 0 0
AVD CRC 7e195f1e 1f82b243 1f73e9f4; 0 0 0
AVD CRC 7e19beff 1f813245 1f7557c5; 0 0 0
AVD CRC 7e15a7f9 1f8067ac 1f769a84; 0 0 0
AVD CRC 7e151d47 1f7f80f6 1f7859fa; 0 0 0
AVD CRC 7e175f58 1f7f3ccb 1f78a665; 0 0 0
AVD CRC 7e1742a7 1f7ef42b 1f78ce93; 0 0 0
AVD CRC 7e144731 1f7e78ea 1f78faa4; 0 0 0
AVD CRC 7e12783b 1f7d6818 1f790e6a; 0 0 0
AVD CRC 7e113af8 1f7d1115 1f792c29; 0 0 0
AVD CRC 7e117de8 1f7c1d05 1f795ff4; 0 0 0
AVD CRC 7e11b282 1f7b9bed 1f79c2e7; 0 0 0
AVD CRC 7e11b56d 1f7b01eb 1f7a0f9f; 0 0 0
AVD CRC 7e114105 1f7aad70 1f7a18c3; 0 0 0
AVD CRC 7e12443e 1f7a9657 1f7a2dd7; 0 0 0
AVD CRC 7e13f059 1f7a6f0f 1f7a2c3e; 0 0 0
AVD CRC 7e155d48 1f7a683c 1f7a560e; 0 0 0
AVD CRC 7e1507c5 1f7a2e26 1f7a8185; 0 0 0
AVD CRC 7e15c87a 1f7a3da3 1f7a64f6; 0 0 0
AVD CRC 7e1765ee 1f7a6293 1f7a96c0; 0 0 0
AVD CRC 7e18c27e 1f7a53b7 1f7a9ecc; 0 0 0
AVD CRC 7e1a2dfd 1f7a365c 1f7ab29a; 0 0 0
AVD CRC 7e1c41c7 1f7a0523 1f7a882f; 0 0 0
AVD CRC 7e1cd3f2 1f7a534b 1f7ad245; 0 0 0
AVD CRC 7e1befc7 1f7aa7c4 1f7ae10c; 0 0 0
AVD CRC 7e1d98e7 1f7ad8ca 1f7adcad; 0 0 0
AVD CRC 7e1d7a23 1f798d43 1f7adbff; 0 0 0
AVD CRC 7e29fe95 1f7849cd 1f7a9149; 0 0 0
AVD CRC 7e375d58 1f79d62c 1f7aa04d; 0 0 0
AVD CRC 7e338036 1f7a65d1 1f7b8678; 0 0 0
AVD CRC 7e35d7f2 1f79bb80 1f7b2204; 0 0 0
AVD CRC 7e33ea84 1f7d0a21 1f7808ad; 0 0 0
AVD CRC 7e2fec4b 1f7c1d43 1f791196; 0 0 0
AVD CRC 7e29f2f7 1f7a6ed6 1f799386; 0 0 0
AVD CRC 7e22776c 1f79e41f 1f786ecd; 0 0 0
AVD CRC 7e25a518 1f7a052e 1f79c9db; 0 0 0
AVD CRC 7e2d2612 1f7ce88b 1f7a8b1e; 0 0 0
AVD CRC 7e2a406f 1f825c4d 1f7b47a7; 0 0 0
AVD CRC 7e27e607 1f84c269 1f7b357d; 0 0 0
AVD CRC 7e215d68 1f85f4d0 1f7ab88e; 0 0 0
AVD CRC 7e223e08 1f8653d1 1f79ce97; 0 0 0
AVD CRC 7e253ebd 1f85f94f 1f7978b6; 0 0 0
AVD CRC 7e281354 1f85d93f 1f78e4b9; 0 0 0
AVD CRC 7e28a656 1f85b49f 1f789503; 0 0 0
AVD CRC 7e290a98 1f8552e1 1f784b3d; 0 0 0
AVD CRC 7e291df0 1f845742 1f7859e6; 0 0 0
AVD CRC 7e2b1ca8 1f844342 1f783ed1; 0 0 0
AVD CRC 7e2b76b4 1f842ac4 1f783501; 0 0 0
AVD CRC 7e2c4ba1 1f845964 1f783161; 0 0 0
AVD CRC 7e2d2dfd 1f842ef2 1f78023c; 0 0 0
AVD CRC 7e2e67c5 1f84216b 1f77cad6; 0 0 0
AVD CRC 7e2f66fd 1f842977 1f7787cc; 0 0 0
AVD CRC 7e2c9ec0 1f8394be 1f7750df; 0 0 0
AVD CRC 7e28db72 1f833f28 1f77307c; 0 0 0
AVD CRC 7e1d1e0c 1f81aad3 1f77a091; 0 0 0
AVD CRC 7e1d10a0 1f853f29 1f7989ee; 0 0 0
AVD CRC 7e1f2d83 1f848f24 1f7d7072; 0 0 0
AVD CRC 7e16f4b9 1f85f583 1f7b564f; 0 0 0
AVD CRC 7e1251bb 1f883e23 1f75e664; 0 0 0
AVD CRC 7e102c29 1f82d7e7 1f718664; 0 0 0
AVD CRC 7e1934dc 1f7fcb71 1f758627; 0 0 0
AVD CRC 7e2b7472 1f7c4b8e 1f792a5d; 0 0 0
AVD CRC 7e2aeec9 1f7c097d 1f782334; 0 0 0
AVD CRC 7e27c49e 1f7f53a2 1f776425; 0 0 0
AVD CRC 7e19fd55 1f7fc017 1f7958e5; 0 0 0
AVD CRC 7e1e87ca 1f7fcb8b 1f789e5d; 0 0 0
AVD CRC 7e21aaf5 1f7f4b71 1f770cdf; 0 0 0
AVD CRC 7e195641 1f8069f6 1f75f22d; 0 0 0
AVD CRC 7e1a5367 1f8086bc 1f753a85; 0 0 0
AVD CRC 7e160691 1f7fd208 1f75f918; 0 0 0
AVD CRC 7e10823b 1f7d9aec 1f778f3d; 0 0 0
AVD CRC 7e09e6fa 1f7979e6 1f7cbea3; 0 0 0
AVD CRC 7e02a2f6 1f759ca2 1f861271; 0 0 0
AVD CRC 7e10f6ce 1f729ae1 1f89b8ca; 0 0 0
AVD CRC 7e117d9c 1f6fff3e 1f8777ba; 0 0 0
AVD CRC 7e17be94 1f6f9d7a 1f850ea8; 0 0 0
AVD CRC 7e1d82cd 1f6f0817 1f819eed; 0 0 0
AVD CRC 7e0dfd65 1f73853b 1f801ae0; 0 0 0
AVD CRC 7e084b57 1f71c4b1 1f85d6eb; 0 0 0
AVD CRC 7e02df50 1f71d1e0 1f86d08e; 0 0 0
AVD CRC 7e0e3394 1f748c96 1f82ccb6; 0 0 0
AVD CRC 7e0cf025 1f7299e6 1f865e95; 0 0 0
AVD CRC 7e157dd6 1f700e05 1f8b59b4; 0 0 0
AVD CRC 7e1dfcbf 1f711900 1f8eff4c; 0 0 0
AVD CRC 7e3b9857 1f700e18 1f894b74; 0 0 0
AVD CRC 7e32d714 1f70908d 1f865612; 0 0 0
AVD CRC 7e2c0c2a 1f71168c 1f848826; 0 0 0
AVD CRC 7e204a5f 1f70db4b 1f8508d2; 0 0 0
AVD CRC 7e22185c 1f70431a 1f84e6f7; 0 0 0
AVD CRC 7e282893 1f6dab1c 1f858386; 0 0 0
AVD CRC 7e2a4585 1f6cbe29 1f86b663; 0 0 0
AVD CRC 7e29b5c3 1f6a980d 1f8813d9; 0 0 0
AVD CRC 7e26ea89 1f6a4a76 1f87e0d5; 0 0 0
AVD CRC 7e266298 1f69d5d5 1f8879dd; 0 0 0
AVD CRC 7e270c24 1f6a2296 1f8964a2; 0 0 0
AVD CRC 7e269852 1f69f941 1f8a498f; 0 0 0
AVD CRC 7e297bfd 1f6a5b17 1f8aa019; 0 0 0
AVD CRC 7e2b19e5 1f6a483e 1f8a8d00; 0 0 0
AVD CRC 7e2b3370 1f6acef0 1f8a7a45; 0 0 0
AVD CRC 7e2bb868 1f6adaf1 1f8a59d1; 0 0 0
AVD CRC 7e2c27ec 1f6ab00b 1f8a8298; 0 0 0
AVD CRC 7e2cd639 1f6aab22 1f8a8290; 0 0 0
AVD CRC 7e2e3aa9 1f6ab994 1f8a809f; 0 0 0
AVD CRC 7e2e5b17 1f6aa927 1f8a8671; 0 0 0
AVD CRC 7e2f16e3 1f6aaa57 1f8a90a4; 0 0 0
AVD CRC 7e2f97c0 1f6ab1bf 1f8aa02d; 0 0 0
AVD CRC 7e2f7029 1f6ab69e 1f8aa48b; 0 0 0
AVD CRC 7e2fcb20 1f6aafe0 1f8aa5c0; 0 0 0
AVD CRC 7e40374f 1f7cdb4b 1f7c780a; 0 0 0
AVD CRC 7e3fbd4a 1f7cb686 1f7c5c36; 0 0 0
AVD CRC 7e3f05f8 1f7ca1be 1f7c86eb; 0 0 0
AVD CRC 7e3f01fb 1f7ca8cf 1f7c8a42; 0 0 0
AVD CRC 7e3db8ee 1f7c96d8 1f7ca243; 0 0 0
AVD CRC 7e38869b 1f7ea0de 1f7d0fce; 0 0 0
AVD CRC 7e38bb30 1f7ec904 1f7d1afc; 0 0 0
AVD CRC 7e387f21 1f7ec60d 1f7d7564; 0 0 0
AVD CRC 7e37f0bf 1f7ebb28 1f7d5892; 0 0 0
AVD CRC 7e3846a6 1f7ea365 1f7d1d7e; 0 0 0
AVD CRC 7e383007 1f7eb3be 1f7d4e71; 0 0 0
AVD CRC 7e372d3a 1f7ebd9c 1f7d640f; 0 0 0
AVD CRC 7e36795b 1f7e6cff 1f7d4d25; 0 0 0
AVD CRC 7e38fb63 1f7cf1cf 1f7e0753; 0 0 0
AVD CRC 7e443ea4 1f7b7134 1f7e7bc3; 0 0 0
AVD CRC 7e467727 1f78e83d 1f7f33c2; 0 0 0
AVD CRC 7e418149 1f75c863 1f80acc5; 0 0 0
AVD CRC 7e411792 1f742f87 1f80a611; 0 0 0
AVD CRC 7e456343 1f75e721 1f847b91; 0 0 0
AVD CRC 7e4225d5 1f77b939 1f7feddc; 0 0 0
AVD CRC 7e464324 1f7b3fdc 1f7bd31b; 0 0 0
AVD CRC 7e3b8eab 1f80c0fd 1f7e9dc3; 0 0 0
AVD CRC 7e402071 1f789418 1f86e36c; 0 0 0
AVD CRC 7e47bbf5 1f6af16d 1f94929f; 0 0 0
AVD CRC 7e442333 1f7c219b 1f877278; 0 0 0
AVD CRC 7e3cb6e5 1f7b7de2 1f86c170; 0 0 0
AVD CRC 7e3e4220 1f7be247 1f86c4f8; 0 0 0
AVD CRC 7e3a62c6 1f7b06f7 1f869a2d; 0 0 0
AVD CRC 7e38cd99 1f79c058 1f86f367; 0 0 0
AVD CRC 7e3aa0f0 1f77fb81 1f87a6e7; 0 0 0
AVD CRC 7e3b8822 1f73e058 1f8b3198; 0 0 0
AVD CRC 7e37d3d2 1f71cc77 1f8cfc40; 0 0 0
AVD CRC 7e38d81c 1f721342 1f8ca210; 0 0 0
AVD CRC 7e3bf710 1f731cec 1f8b8875; 0 0 0
AVD CRC 7e3dc1bd 1f747e82 1f8a3ac0; 0 0 0
AVD CRC 7e3dadfd 1f75670a 1f896912; 0 0 0
AVD CRC 7e3e40c1 1f75eaac 1f88e9eb; 0 0 0
AVD CRC 7e3e6a48 1f75ec77 1f88f840; 0 0 0
AVD CRC 7e3edb83 1f75e648 1f88a933; 0 0 0
AVD CRC 7e3f84a4 1f75f8b7 1f8899e7; 0 0 0
AVD CRC 7e3f0688 1f75e3d5 1f888aae; 0 0 0
AVD CRC 7e3edb44 1f75f50b 1f88ab21; 0 0 0
AVD CRC 7e3e3195 1f75ef44 1f889a0d; 0 0 0
AVD CRC 7e3e705f 1f75e48a 1f88a4d4; 0 0 0
AVD CRC 7e3d66b6 1f75ef33 1f88961b; 0 0 0
AVD CRC 7e3dc514 1f75e8e4 1f889a6a; 0 0 0
AVD CRC 7e3dcade 1f75cfcd 1f887eca; 0 0 0
AVD CRC 7e3da391 1f75d03e 1f888fa3; 0 0 0
AVD CRC 7e3eb46d 1f75c44e 1f888f61; 0 0 0
AVD CRC 7e3f8669 1f7608aa 1f8887f4; 0 0 0
AVD CRC 7e403f8e 1f75faff 1f886489; 0 0 0
AVD CRC 7e42484c 1f75f8b8 1f888461; 0 0 0
AVD CRC 7e4476ac 1f76348d 1f887f2b; 0 0 0
AVD CRC 7e44a187 1f76262f 1f8836d0; 0 0 0
AVD CRC 7e4719bd 1f75e811 1f883c20; 0 0 0
AVD CRC 7e3ec5f8 1f75368d 1f87a81a; 0 0 0
AVD CRC 7e3572ae 1f754eb4 1f8666fd; 0 0 0
AVD CRC 7e2f4110 1f76cf68 1f84bc95; 0 0 0
AVD CRC 7e298aba 1f77f7ab 1f7f8484; 0 0 0
AVD CRC 7e0e4493 1f7a82a8 1f78f8ea; 0 0 0
AVD CRC 7df9fcd7 1f7b231f 1f6e5db5; 0 0 0
AVD CRC 7deeac0f 1f797a28 1f67cca4; 0 0 0
AVD CRC 7dd9a0b7 1f79a477 1f6522f8; 0 0 0
AVD CRC 7dc51052 1f79a160 1f63cd35; 0 0 0
AVD CRC 7dbb8259 1f79f82e 1f6406c5; 0 0 0
AVD CRC 7dc48876 1f7a811f 1f653b8e; 0 0 0
AVD CRC 7dd5ba86 1f7b8676 1f6715f4; 0 0 0
AVD CRC 7de03413 1f7ad6df 1f695fbf; 0 0 0
AVD CRC 7de54405 1f77b595 1f6aaf84; 0 0 0
AVD CRC 7df2424d 1f75b11b 1f6c7d48; 0 0 0
AVD CRC 7df28fac 1f740b96 1f6ecc54; 0 0 0
AVD CRC 7dfbbbf7 1f722789 1f7053cd; 0 0 0
AVD CRC 7e08cae9 1f7324e3 1f71dba7; 0 0 0
AVD CRC 7e2abf08 1f7445fb 1f72da62; 0 0 0
AVD CRC 7e3b5d8d 1f759ddf 1f744301; 0 0 0
AVD CRC 7e47211e 1f7616a5 1f7627d2; 0 0 0
AVD CRC 7e4903da 1f753b9e 1f7740db; 0 0 0
AVD CRC 7e49eada 1f757864 1f78ab20; 0 0 0
AVD CRC 7e4a6c2f 1f75afec 1f796857; 0 0 0
AVD CRC 7e45084c 1f759e84 1f79fd7a; 0 0 0
AVD CRC 7e3f7a36 1f75a787 1f7abc3e; 0 0 0
AVD CRC 7e3b350a 1f756aef 1f7aec73; 0 0 0
AVD CRC 7e39cabc 1f74fada 1f7ac523; 0 0 0
AVD CRC 7e37ec95 1f74ad67 1f7aefb9; 0 0 0
AVD CRC 7e363ce8 1f74b41c 1f7abc0a; 0 0 0
AVD CRC 7e34fb3b 1f7480b1 1f7ab20e; 0 0 0
AVD CRC 7e31c12b 1f749248 1f7b001c; 0 0 0
AVD CRC 7e2cff0a 1f746830 1f7b0d9d; 0 0 0
AVD CRC 7e2ade27 1f73a18c 1f7b5c0d; 0 0 0
AVD CRC 7e29be29 1f73923e 1f7bc120; 0 0 0
AVD CRC 7e284655 1f732b68 1f7c3cf2; 0 0 0
AVD CRC 7e2716e1 1f729a3a 1f7caced; 0 0 0
AVD CRC 7e25e993 1f725e41 1f7d1d70; 0 0 0
AVD CRC 7e24fb3c 1f72285a 1f7d39ac; 0 0 0
AVD CRC 7e25aae3 1f71f9b7 1f7dd3a7; 0 0 0
AVD CRC 7e257ed9 1f715dd4 1f7e2bdb; 0 0 0
AVD CRC 7e23b816 1f710b2a 1f7eb60e; 0 0 0
AVD CRC 7e283646 1f715aac 1f7f399b; 0 0 0
AVD CRC 7e263d85 1f721947 1f7eb781; 0 0 0
AVD CRC 7e2394a1 1f729717 1f7e8a99; 0 0 0
AVD CRC 7e1fe142 1f72fbf4 1f7e5f7b; 0 0 0
AVD CRC 7e1e290b 1f7335ca 1f7eb086; 0 0 0
AVD CRC 7e1d9b7d 1f739cfe 1f7e7046; 0 0 0
AVD CRC 7e19fdf2 1f73e503 1f7e12c3; 0 0 0
AVD CRC 7e172d79 1f7411ae 1f7df1cd; 0 0 0
AVD CRC 7e157e9f 1f74295f 1f7d99fa; 0 0 0
AVD CRC 7e144cb3 1f7420cb 1f7d5a72; 0 0 0
AVD CRC 7e262a6f 1f6d858e 1f7efd80; 0 0 0
AVD CRC 7e260573 1f6d6138 1f7ef540; 0 0 0
AVD CRC 7e269a77 1f6d2932 1f7ee46e; 0 0 0
AVD CRC 7e2796ba 1f6d10db 1f7edee4; 0 0 0
AVD CRC 7e270e0f 1f6d7a1c 1f7edf4e; 0 0 0
AVD CRC 7e278eb4 1f6d87b0 1f7f45d4; 0 0 0
AVD CRC 7e2882d8 1f6dd0e3 1f7fb554; 0 0 0
AVD CRC 7e294fd6 1f6d8009 1f7fa7d6; 0 0 0
AVD CRC 7e29aca1 1f6d6056 1f7fe9a5; 0 0 0
AVD CRC 7e2b0018 1f6d1e92 1f800493; 0 0 0
AVD CRC 7e2b5bbe 1f6d3257 1f806fce; 0 0 0
AVD CRC 7e2ba799 1f6cbdac 1f8082e1; 0 0 0
AVD CRC 7e2af0ca 1f6cb33b 1f80d30b; 0 0 0
AVD CRC 7e2a8cc7 1f6c8411 1f80ff13; 0 0 0
AVD CRC 7e2a678b 1f6c7ec5 1f80fe93; 0 0 0
AVD CRC 7e2a01eb 1f6bc290 1f813f56; 0 0 0
AVD CRC 7e29e80e 1f6bd8ad 1f81623d; 0 0 0
AVD CRC 7e291093 1f6ba080 1f819c1d; 0 0 0
AVD CRC 7e29c1c0 1f69d0ec 1f8209ae; 0 0 0
AVD CRC 7e2a0263 1f697ea5 1f82545e; 0 0 0
AVD CRC 7e2dfe9a 1f696d74 1f82d78d; 0 0 0
AVD CRC 7e2b93b2 1f68a355 1f8355f5; 0 0 0
AVD CRC 7e2aae19 1f685cd9 1f83bfa1; 0 0 0
AVD CRC 7e2da68e 1f674189 1f833b32; 0 0 0
AVD CRC 7e2f0743 1f66f0ab 1f839adc; 0 0 0
AVD CRC 7e130c23 1f676190 1f86f792; 0 0 0
AVD CRC 7e2749c1 1f60d847 1f8e3b1c; 0 0 0
AVD CRC 7e29c1b8 1f61f951 1f8e53ac; 0 0 0
AVD CRC 7e2348e7 1f617097 1f8f1bc5; 0 0 0
AVD CRC 7e2fe10c 1f5fe7ef 1f8d1c9c; 0 0 0
AVD CRC 7e25e729 1f6052b0 1f899418; 0 0 0
AVD CRC 7e1bb6de 1f612519 1f8a9072; 0 0 0
AVD CRC 7e33e027 1f5e6b1a 1f88f805; 0 0 0
AVD CRC 7e325cef 1f647d77 1f7f248f; 0 0 0
AVD CRC 7e0fc739 1f71f0f9 1f7de92f; 0 0 0
AVD CRC 7dffb9e8 1f76a427 1f7d9c18; 0 0 0
AVD CRC 7e19e4f9 1f78be30 1f7efa1b; 0 0 0
AVD CRC 7e35b752 1f796d76 1f7e9d8a; 0 0 0
AVD CRC 7e2f8300 1f7b1066 1f7df633; 0 0 0
AVD CRC 7e2a5121 1f7b7463 1f7e2a39; 0 0 0
AVD CRC 7e2ee914 1f7a97c9 1f7e5a82; 0 0 0
AVD CRC 7e3003f3 1f7986c4 1f7f1820; 0 0 0
AVD CRC 7e2ccc22 1f794931 1f7f9d91; 0 0 0
AVD CRC 7e2b45be 1f78e9c0 1f7f95bd; 0 0 0
AVD CRC 7e29d596 1f7901bf 1f7f4074; 0 0 0
AVD CRC 7e291144 1f78d317 1f7f8aca; 0 0 0
AVD CRC 7e27b1fe 1f78cd1d 1f7f7f2a; 0 0 0
AVD CRC 7e256c97 1f7887f7 1f7fbfec; 0 0 0
AVD CRC 7e257770 1f784a85 1f7fa216; 0 0 0
AVD CRC 7e23898c 1f7897fd 1f7fa34f; 0 0 0
AVD CRC 7e2035b6 1f78522f 1f7fb16c; 0 0 0
AVD CRC 7e20376b 1f78842f 1f7f5c3f; 0 0 0
AVD CRC 7e1fc7ed 1f77bbd6 1f7f4344; 0 0 0
AVD CRC 7e10bc2a 1f768099 1f7ecd49; 0 0 0
AVD CRC 7e0d26f6 1f7982ca 1f80c25f; 0 0 0
AVD CRC 7e1ade6f 1f7d4c52 1f813ad0; 0 0 0
AVD CRC 7e183b36 1f824021 1f7ef751; 0 0 0
AVD CRC 7e2c9237 1f893f7f 1f77f5d4; 0 0 0
AVD CRC 7e34000f 1f8b0321 1f6ff2bd; 0 0 0
AVD CRC 7e1dd04a 1f8c855a 1f6d2dbe; 0 0 0
AVD CRC 7e13a5a5 1f8acd64 1f67986a; 0 0 0
AVD CRC 7e16aed9 1f86e902 1f5dfb2b; 0 0 0
AVD CRC 7e228f6c 1f9766ef 1f598295; 0 0 0
AVD CRC 7e22db69 1f9abcbd 1f5c9275; 0 0 0
AVD CRC 7e1e4dc7 1f9c71d5 1f60f4c3; 0 0 0
AVD CRC 7e0d7ea4 1fa057ff 1f6376b4; 0 0 0
AVD CRC 7e0aa067 1f9f2d80 1f60ef8f; 0 0 0
AVD CRC 7e152349 1fa07751 1f617014; 0 0 0
AVD CRC 7e162675 1f9edaf2 1f60d467; 0 0 0
AVD CRC 7e0e8dfe 1f9ca450 1f604cd5; 0 0 0
AVD CRC 7e05ea19 1f9a965d 1f6104e9; 0 0 0
AVD CRC 7e01b0cb 1f9e91f2 1f64c578; 0 0 0
AVD CRC 7e0e6fcb 1f9adf95 1f6ac730; 0 0 0
AVD CRC 7e0ad99c 1f9a536c 1f6f1c71; 0 0 0
AVD CRC 7e0a2e01 1f9dbe49 1f6c5bc8; 0 0 0
AVD CRC 7df44594 1fa73f09 1f6a32fa; 0 0 0
AVD CRC 7e0407c4 1fa679dc 1f6f420f; 0 0 0
AVD CRC 7e050d2f 1f98516f 1f79e97e; 0 0 0
AVD CRC 7dea3664 1fa3ab88 1f77b87d; 0 0 0
AVD CRC 7e13d275 1fafcc30 1f6656a5; 0 0 0
AVD CRC 7e3481d0 1fb92700 1f770838; 0 0 0
AVD CRC 7e0d3081 1fa478eb 1f68b0d5; 0 0 0
AVD CRC 7e35242e 1fb7016d 1f701bea; 0 0 0
AVD CRC 7e23d990 1fa55f93 1f6476ff; 0 0 0
AVD CRC 7e0497fb 1f997ca0 1f6b8dfe; 0 0 0
AVD CRC 7e16afe9 1f9e1391 1f71ddf2; 0 0 0
AVD CRC 7e1730dc 1f9c073f 1f7535af; 0 0 0
AVD CRC 7e1a346c 1f9ca1a4 1f7814a6; 0 0 0
AVD CRC 7e17610c 1f9dc3ef 1f78f5f6; 0 0 0
AVD CRC 7e1ef80a 1f9ed0a1 1f797659; 0 0 0
AVD CRC 7e289bbb 1f9f9bfd 1f7a016c; 0 0 0
AVD CRC 7e31dac3 1fa064e7 1f795e7e; 0 0 0
AVD CRC 7e374c53 1fa0bba2 1f78c724; 0 0 0
AVD CRC 7dffd95d 1f7221eb 1f7e7d2f; 0 0 0
AVD CRC 7e00b335 1f726dce 1f7e795a; 0 0 0
AVD CRC 7e0053b8 1f72ad1b 1f7f36db; 0 0 0
AVD CRC 7e0424cd 1f726196 1f7f1497; 0 0 0
AVD CRC 7dfe631a 1f729cf5 1f807b6b; 0 0 0
AVD CRC 7e0190f8 1f72b322 1f851b90; 0 0 0
AVD CRC 7e1ce7ac 1f76ae3b 1f885c46; 0 0 0
AVD CRC 7e237050 1f77bdb2 1f8877d5; 0 0 0
AVD CRC 7e256525 1f80600c 1f76ba98; 0 0 0
AVD CRC 7e4dc762 1f896037 1f6d1fa7; 0 0 0
AVD CRC 7e5ac676 1f8dc8c7 1f70d912; 0 0 0
AVD CRC 7e376c58 1f8cc011 1f7206c9; 0 0 0
AVD CRC 7e26dd44 1f8cb5e8 1f766b89; 0 0 0
AVD CRC 7e1f3a3a 1f87cd04 1f7d3d8e; 0 0 0
AVD CRC 7e119105 1f837bc6 1f84fc77; 0 0 0
AVD CRC 7e099f47 1f80f8a3 1f891c58; 0 0 0
AVD CRC 7dfea6fa 1f8160f9 1f89f05c; 0 0 0
AVD CRC 7dfa0a05 1f820906 1f88bad0; 0 0 0
AVD CRC 7df5b4e1 1f837598 1f874631; 0 0 0
AVD CRC 7df050c9 1f844329 1f85dcc8; 0 0 0
AVD CRC 7defb751 1f84e12f 1f851172; 0 0 0
AVD CRC 7dee897d 1f850aeb 1f853698; 0 0 0
AVD CRC 7decf2b1 1f84ae1b 1f857ed8; 0 0 0
AVD CRC 7dec57fb 1f84c9f5 1f854f1d; 0 0 0
AVD CRC 7deb5935 1f84f5f7 1f853091; 0 0 0
AVD CRC 7de8ecc9 1f853f5f 1f84f29d; 0 0 0
AVD CRC 7e07679d 1f846baa 1f843444; 0 0 0
AVD CRC 7e0bceac 1f7bc249 1f8503b6; 0 0 0
AVD CRC 7e294530 1f87f61b 1f8256ff; 0 0 0
AVD CRC 7e09918f 1f886082 1f7a9a76; 0 0 0
AVD CRC 7e52b20c 1f8ba947 1f7f0a49; 0 0 0
AVD CRC 7e0aeb3f 1f9077ef 1f7724d1; 0 0 0
AVD CRC 7e300cb3 1f83e75d 1f7f8181; 0 0 0
AVD CRC 7e0d9448 1f757208 1f7ec04d; 0 0 0
AVD CRC 7e460e72 1f892c3a 1f76c319; 0 0 0
AVD CRC 7e20a715 1f8ca362 1f88b59f; 0 0 0
AVD CRC 7df4a85d 1f8956fe 1f9b911e; 0 0 0
AVD CRC 7e04e4de 1f84b356 1f8418a6; 0 0 0
AVD CRC 7e0d294a 1f878588 1f7f6e55; 0 0 0
AVD CRC 7e01438b 1f849306 1f8269e4; 0 0 0
AVD CRC 7e14844b 1f848cc0 1f900030; 0 0 0
AVD CRC 7e1923f0 1f8566e0 1f93017f; 0 0 0
AVD CRC 7e1430bd 1f85b311 1f8ed5ee; 0 0 0
AVD CRC 7e14bb77 1f86166b 1f8adfec; 0 0 0
AVD CRC 7e16e3cc 1f8686a1 1f8a2208; 0 0 0
AVD CRC 7e1c8d96 1f87fd2d 1f8ce09e; 0 0 0
AVD CRC 7e258cda 1f882e6d 1f8d61ee; 0 0 0
AVD CRC 7e26837c 1f8836a4 1f8dd15f; 0 0 0
AVD CRC 7e294e9d 1f884843 1f8e1f56; 0 0 0
AVD CRC 7e299283 1f8848b1 1f8e70d6; 0 0 0
AVD CRC 7e29e903 1f885a85 1f8e8b41; 0 0 0
AVD CRC 7e29ef3e 1f8853f6 1f8e8449; 0 0 0
AVD CRC 7e29e421 1f8855f0 1f8e8a58; 0 0 0
AVD CRC 7e29ecf3 1f882b71 1f8e723d; 0 0 0
AVD CRC 7e2a34fc 1f883ee6 1f8e83a1; 0 0 0
AVD CRC 7e2a3478 1f8841f7 1f8e930e; 0 0 0
AVD CRC 7e2a4dfb 1f884ae3 1f8e900f; 0 0 0
AVD CRC 7e2a0500 1f884489 1f8e8ec9; 0 0 0
AVD CRC 7e29db9f 1f8853d6 1f8e91b9; 0 0 0
AVD CRC 7e298e8f 1f8860e0 1f8e7e46; 0 0 0
AVD CRC 7e29d072 1f88628a 1f8e3400; 0 0 0
AVD CRC 7e2bae93 1f884d5d 1f8e294c; 0 0 0
AVD CRC 7e2d6b09 1f884fb8 1f8e6a33; 0 0 0
AVD CRC 7e2e199a 1f87d98a 1f8e23ef; 0 0 0
AVD CRC 7e28fd4b 1f87ca14 1f8d5fed; 0 0 0
AVD CRC 7e2033a9 1f87e504 1f8cc2dd; 0 0 0
AVD CRC 7e1476d4 1f86fab3 1f8c14a2; 0 0 0
AVD CRC 7e0a497b 1f868b18 1f8b4d53; 0 0 0
AVD CRC 7e07a2ce 1f866ff8 1f8afb96; 0 0 0
AVD CRC 7e063872 1f85d735 1f89e152; 0 0 0
AVD CRC 7e076f13 1f85c035 1f897ea4; 0 0 0
AVD CRC 7e0a951f 1f850f4a 1f87ec6c; 0 0 0
AVD CRC 7e11df79 1f856877 1f850d42; 0 0 0
AVD CRC 7e15449b 1f85d61c 1f822ea7; 0 0 0
AVD CRC 7e1689b5 1f85ff2e 1f7f8fe3; 0 0 0
AVD CRC 7e174ea2 1f85e5eb 1f7e0e0a; 0 0 0
AVD CRC 7e132e8d 1f85992b 1f7d0190; 0 0 0
AVD CRC 7e1561dd 1f852401 1f7e7e03; 0 0 0
AVD CRC 7e19e2cd 1f852a8e 1f8003ac; 0 0 0
AVD CRC 7e1611b5 1f852997 1f815a74; 0 0 0
AVD CRC 7e04945d 1f857462 1f8279fd; 0 0 0
AVD CRC 7df89b66 1f84cc78 1f845e7f; 0 0 0
AVD CRC 7deb8266 1f8487aa 1f872777; 0 0 0
AVD CRC 7dece194 1f85f721 1f8b06c9; 0 0 0
AVD CRC 7df685bd 1f8594af 1f8e4e32; 0 0 0
AVD CRC 7df9fa33 1f864cb9 1f92f39d; 0 0 0
AVD CRC 7ded2473 1f853714 1f94f5b6; 0 0 0
AVD CRC 7deba174 1f842ce6 1f935964; 0 0 0
AVD CRC 7df73aec 1f83bafe 1f90f633; 0 0 0
AVD CRC 7e005618 1f851759 1f9285aa; 0 0 0
AVD CRC 7e0505f0 1f855757 1f8d4173; 0 0 0
AVD CRC 7e0ab01b 1f874155 1f86be12; 0 0 0
AVD CRC 7e0a57a4 1f87d597 1f8280fd; 0 0 0
AVD CRC 7e142417 1f85c86b 1f7efb5c; 0 0 0
AVD CRC 7e2058de 1f82b594 1f7a9dca; 0 0 0
AVD CRC 7e1e5af9 1f7f9a6b 1f77caf7; 0 0 0
AVD CRC 7e1fe84d 1f7ed3e8 1f7737ab; 0 0 0
AVD CRC 7e1a72bc 1f7ea72c 1f76199d; 0 0 0
AVD CRC 7e10d112 1f7d4a55 1f7888ea; 0 0 0
AVD CRC 7e1f2fb8 1f7ba9b5 1f7d4272; 0 0 0
AVD CRC 7e120699 1f7ae440 1f81b68a; 0 0 0
AVD CRC 7e1095be 1f7a0cd5 1f857031; 0 0 0
AVD CRC 7e1a3b5b 1f7aa101 1f8721f4; 0 0 0
AVD CRC 7e265741 1f7b7be2 1f88cebf; 0 0 0
AVD CRC 7e2eac06 1f7d688f 1f893063; 0 0 0
AVD CRC 7e33ffd9 1f7ffadd 1f8a32a0; 0 0 0
AVD CRC 7e387a09 1f81c536 1f8a9d35; 0 0 0
AVD CRC 7e2b6f59 1f82fe46 1f8bb05c; 0 0 0
AVD CRC 7e1a5b24 1f83c6a4 1f8cbb6c; 0 0 0
AVD CRC 7e16e88c 1f85c359 1f8cbd38; 0 0 0
AVD CRC 7e191dc4 1f863997 1f8caf43; 0 0 0
AVD CRC 7e169ca5 1f875005 1f8d48a9; 0 0 0
AVD CRC 7e182a86 1f8812a7 1f8dfbbe; 0 0 0
AVD CRC 7e1e91ba 1f888c05 1f901c67; 0 0 0
AVD CRC 7e1f4a0b 1f87d24e 1f916d96; 0 0 0
AVD CRC 7e1f19db 1f86d1e0 1f940bf5; 0 0 0
AVD CRC 7e1c7bdf 1f86f646 1f9504c2; 0 0 0
AVD CRC 7e1b987a 1f86c4eb 1f970761; 0 0 0
AVD CRC 7e1924b0 1f86d162 1f96f203; 0 0 0
AVD CRC 7e0fd3ac 1f86acc8 1f97c20c; 0 0 0
AVD CRC 7e08cf4e 1f86d41a 1f982135; 0 0 0
AVD CRC 7e0d397d 1f8743d6 1f98c345; 0 0 0
AVD CRC 7e14b34d 1f877753 1f998b10; 0 0 0
AVD CRC 7e1ee47d 1f87c77e 1f994f9d; 0 0 0
AVD CRC 7e22d1ef 1f87d0f2 1f981193; 0 0 0
AVD CRC 7e248cb2 1f87dcee 1f96ebde; 0 0 0
AVD CRC 7e27d7c0 1f88070b 1f968da3; 0 0 0
AVD CRC 7e283cdb 1f87e843 1f957ab0; 0 0 0
AVD CRC 7e2686a2 1f882a60 1f9484fc; 0 0 0
AVD CRC 7e242e55 1f885eae 1f93c3ac; 0 0 0
AVD CRC 7e23afe4 1f88a318 1f935e4a; 0 0 0
AVD CRC 7e2290f2 1f88c0ab 1f9302e3; 0 0 0
AVD CRC 7e243dc3 1f88e55e 1f92c556; 0 0 0
AVD CRC 7e23408c 1f890cd0 1f92ceaf; 0 0 0
AVD CRC 7e245554 1f88fed3 1f92d44d; 0 0 0
AVD CRC 7e239c3d 1f88f87e 1f92ed5a; 0 0 0
AVD CRC 7e246c76 1f88f4df 1f933710; 0 0 0
AVD CRC 7e238008 1f88ebd3 1f932399; 0 0 0
AVD CRC 7e2446b3 1f88e572 1f933d45; 0 0 0
AVD CRC 7e252063 1f88d90d 1f934ac7; 0 0 0
AVD CRC 7e25cd69 1f88ce8b 1f9350b0; 0 0 0
AVD CRC 7e2640ec 1f88d980 1f936ec1; 0 0 0
AVD CRC 7e264acf 1f88bf5e 1f938cdb; 0 0 0
AVD CRC 7e26967b 1f88bd38 1f93c7c3; 0 0 0
AVD CRC 7e26dee0 1f88bc67 1f93d870; 0 0 0
AVD CRC 7e27451e 1f88b381 1f93f191; 0 0 0
AVD CRC 7e27a1cc 1f88897d 1f9416b9; 0 0 0
AVD CRC 7e27d5bc 1f889645 1f943af3; 0 0 0
AVD CRC 7e291f64 1f88911c 1f945f92; 0 0 0
AVD CRC 7e299f3b 1f888334 1f94968a; 0 0 0
AVD CRC 7e28f016 1f887b95 1f94acf1; 0 0 0
AVD CRC 7e287393 1f88871b 1f94a505; 0 0 0
AVD CRC 7e290486 1f888661 1f94b857; 0 0 0
AVD CRC 7e29c24d 1f887c72 1f94edf0; 0 0 0
AVD CRC 7e2a802a 1f887f8b 1f955314; 0 0 0
AVD CRC 7e2ab4dd 1f888370 1f95ab80; 0 0 0
AVD CRC 7e2b56c1 1f885f51 1f964f7f; 0 0 0
AVD CRC 7e2c81e4 1f884226 1f96cc93; 0 0 0
AVD CRC 7e2da9c2 1f8833f6 1f9773e1; 0 0 0
AVD CRC 7e2eae2e 1f87f669 1f97f723; 0 0 0
AVD CRC 7e30de1e 1f87f173 1f98cf13; 0 0 0
AVD CRC 7e2f7d63 1f87d4de 1f992116; 0 0 0
AVD CRC 7e2e89fc 1f87d1d8 1f9974cb; 0 0 0
AVD CRC 7e2d5458 1f87f4a1 1f9990f3; 0 0 0
AVD CRC 7e2dea42 1f87fb6b 1f994431; 0 0 0
AVD CRC 7e2d4665 1f871440 1f988916; 0 0 0
AVD CRC 7e2de0d6 1f87694e 1f9806aa; 0 0 0
AVD CRC 7e2f5fc8 1f86d78f 1f974b34; 0 0 0
AVD CRC 7e2dcda4 1f86d2f0 1f959547; 0 0 0
AVD CRC 7e2f7a16 1f86ee93 1f94683a; 0 0 0
AVD CRC 7e2f656a 1f872f25 1f9369c5; 0 0 0
AVD CRC 7e27583a 1f87f56e 1f9258af; 0 0 0
AVD CRC 7e17d297 1f896ef7 1f8feb7d; 0 0 0
AVD CRC 7e0a3795 1f8a8363 1f8b1ca7; 0 0 0
AVD CRC 7e074756 1f8c3308 1f857ed4; 0 0 0
AVD CRC 7e03b3b4 1f8dde71 1f7fdac8; 0 0 0
AVD CRC 7df86d48 1f8ea61e 1f7b6c14; 0 0 0
AVD CRC 7e043b06 1f8fa308 1f76b738; 0 0 0
AVD CRC 7e10e23f 1f905db2 1f7307b9; 0 0 0
AVD CRC 7e1de501 1f91280c 1f6ee5da; 0 0 0
AVD CRC 7e2aa49c 1f942bb8 1f6cba51; 0 0 0
AVD CRC 7e264ec8 1f94148c 1f6b4623; 0 0 0
AVD CRC 7e1d2035 1f90b7bc 1f6b8276; 0 0 0
AVD CRC 7e11769b 1f8ff637 1f6dc53d; 0 0 0
AVD CRC 7e0b5d3a 1f8f3f8e 1f7002d9; 0 0 0
AVD CRC 7e0720c6 1f8ce471 1f711c02; 0 0 0
AVD CRC 7e13c993 1f88aaf3 1f705ffa; 0 0 0
AVD CRC 7e26c40e 1f860bb7 1f6fad5f; 0 0 0
AVD CRC 7e2adc27 1f814d83 1f72a45b; 0 0 0
AVD CRC 7e1c40dd 1f808fee 1f751c20; 0 0 0
AVD CRC 7e25814a 1f8133ce 1f73f78f; 0 0 0
AVD CRC 7e2af9a9 1f8528bc 1f7087ba; 0 0 0
AVD CRC 7e2f0ffe 1f867078 1f7159c7; 0 0 0
AVD CRC 7e39ffbc 1f84e12c 1f70daa6; 0 0 0
AVD CRC 7e3e4ce6 1f82d001 1f739925; 0 0 0
AVD CRC 7e459bdb 1f82f693 1f7787a2; 0 0 0
AVD CRC 7e47228d 1f847331 1f77ca5e; 0 0 0
AVD CRC 7e4d5c78 1f8765ea 1f7837bc; 0 0 0
AVD CRC 7e4c758f 1f88ae25 1f7b6627; 0 0 0
AVD CRC 7e473805 1f873e01 1f7dedfb; 0 0 0
AVD CRC 7e441218 1f869f48 1f8015d7; 0 0 0
AVD CRC 7e40e369 1f84b423 1f82213c; 0 0 0
AVD CRC 7e365067 1f82bc59 1f84eca1; 0 0 0
AVD CRC 7e35943c 1f814313 1f865da4; 0 0 0
AVD CRC 7e3a155e 1f80675c 1f878093; 0 0 0
AVD CRC 7e3d239a 1f808cc1 1f8917b9; 0 0 0
AVD CRC 7e3df179 1f8090d6 1f8947fd; 0 0 0
AVD CRC 7e3d585c 1f808060 1f89c994; 0 0 0
AVD CRC 7e3bd4e8 1f8093de 1f89ba0b; 0 0 0
AVD CRC 7e3cd691 1f807099 1f89c8f7; 0 0 0
AVD CRC 7e3ddc70 1f80799e 1f89dc41; 0 0 0
AVD CRC 7e3e906a 1f801220 1f89c89a; 0 0 0
AVD CRC 7e3e9e7a 1f7ff977 1f89d995; 0 0 0
AVD CRC 7e3fc6a6 1f800f8b 1f899258; 0 0 0
AVD CRC 7e415901 1f800c93 1f88fad7; 0 0 0
AVD CRC 7e40775b 1f8010d0 1f882fa5; 0 0 0
AVD CRC 7e3fc72a 1f7ff256 1f8720dc; 0 0 0
AVD CRC 7e3dbf67 1f7fe798 1f863f05; 0 0 0
AVD CRC 7e3cc37c 1f803bd2 1f856162; 0 0 0
AVD CRC 7e3d8b2d 1f801616 1f859b1c; 0 0 0
AVD CRC 7e3c8059 1f802e30 1f87946d; 0 0 0
AVD CRC 7e439b33 1f80875a 1f8a3ba3; 0 0 0
AVD CRC 7e43427b 1f7ee19e 1f8af75c; 0 0 0
AVD CRC 7e40458e 1f7ebc6f 1f8a60b0; 0 0 0
AVD CRC 7e3dcea3 1f7eaf63 1f8a1603; 0 0 0
AVD CRC 7e40d4a2 1f7f1230 1f8882ad; 0 0 0
AVD CRC 7e4aedb8 1f7f64a4 1f8793e6; 0 0 0
AVD CRC 7e4e56b0 1f7f3d7f 1f868613; 0 0 0
AVD CRC 7e45a7a2 1f7fb4d8 1f8393e6; 0 0 0
AVD CRC 7e3e05d1 1f7f5fb0 1f7d92d9; 0 0 0
AVD CRC 7e2ef6ac 1f7f209b 1f76e28d; 0 0 0
AVD CRC 7e2cb45a 1f7eb4f5 1f6f5208; 0 0 0
AVD CRC 7e3f9532 1f7c9ee8 1f68d7de; 0 0 0
AVD CRC 7e472670 1f7e2d74 1f67e239; 0 0 0
AVD CRC 7e298d44 1f7c71cd 1f71c53e; 0 0 0
AVD CRC 7dd19f5a 1f763882 1f82848d; 0 0 0
AVD CRC 7dbd10bb 1f76778f 1f969f88; 0 0 0
AVD CRC 7e23eec6 1f7b1c56 1fa833d3; 0 0 0
AVD CRC 7e481269 1f808075 1fae905d; 0 0 0
AVD CRC 7df405ed 1f882ad2 1fa23cf0; 0 0 0
AVD CRC 7dd22bd4 1f884710 1f8f90ae; 0 0 0
AVD CRC 7e1401f8 1f86d6e0 1f7ff8b1; 0 0 0
AVD CRC 7e67cba8 1f892326 1f72aaf7; 0 0 0
AVD CRC 7e663f55 1f91cc34 1f5fc49c; 0 0 0
AVD CRC 7e02ff97 1f9b8fcb 1f52a04a; 0 0 0
AVD CRC 7d8ed8ea 1f9653d7 1f558254; 0 0 0
AVD CRC 7d8bab7e 1f820153 1f654c12; 0 0 0
AVD CRC 7da482af 1f774480 1f79b6da; 0 0 0
AVD CRC 7dbc7313 1f74f469 1f828e32; 0 0 0
AVD CRC 7dc36807 1f76f80a 1f84f474; 0 0 0
AVD CRC 7dccfa1e 1f7933c2 1f84f0cf; 0 0 0
AVD CRC 7dd2a6b9 1f81f46d 1f7e516a; 0 0 0
AVD CRC 7dd1881b 1f8780e4 1f7aa2ed; 0 0 0
AVD CRC 7dd67db1 1f890a7a 1f7a9d16; 0 0 0
AVD CRC 7dd6e54d 1f884ce5 1f79d803; 0 0 0
AVD CRC 7dd5daab 1f88998b 1f790a9c; 0 0 0
AVD CRC 7dd724b9 1f88d6ff 1f786262; 0 0 0
AVD CRC 7dd95079 1f890c7b 1f787e8f; 0 0 0
AVD CRC 7dda1dbc 1f89620f 1f78aaa1; 0 0 0
AVD CRC 7ddbdfcd 1f895bd1 1f791f86; 0 0 0
AVD CRC 7ddd8893 1f896efa 1f79525d; 0 0 0
AVD CRC 7ddfdf20 1f896d2b 1f7964d6; 0 0 0
AVD CRC 7de178e8 1f89d9df 1f79b7da; 0 0 0
AVD CRC 7de11ee6 1f8a0075 1f79e994; 0 0 0
AVD CRC 7de32bc7 1f8a2fc6 1f7a2acc; 0 0 0
AVD CRC 7de7d9b8 1f8a3c1a 1f7a53f1; 0 0 0
AVD CRC 7de83cc5 1f8a4d63 1f7aa08f; 0 0 0
AVD CRC 7dea151c 1f8a7ca0 1f7ac399; 0 0 0
AVD CRC 7de9aac6 1f8a8d28 1f7affee; 0 0 0
AVD CRC 7dea92ed 1f8aab81 1f7b3c00; 0 0 0
AVD CRC 7dec3b2e 1f8a37aa 1f7b85c6; 0 0 0
AVD CRC 7dec0763 1f89f25c 1f7ba324; 0 0 0
AVD CRC 7debd643 1f8944b0 1f7bc6df; 0 0 0
AVD CRC 7dec4a77 1f88488f 1f7bf406; 0 0 0
AVD CRC 7df08a99 1f882031 1f7b7b9a; 0 0 0
AVD CRC 7dee4d05 1f862407 1f7a9dab; 0 0 0
AVD CRC 7deb1f46 1f83a728 1f7b9304; 0 0 0
AVD CRC 7de991f0 1f822c28 1f7cbd05; 0 0 0
AVD CRC 7de4815d 1f801c12 1f7d2699; 0 0 0
AVD CRC 7dded6f5 1f7e9dae 1f7d5d3f; 0 0 0
AVD CRC 7de9286a 1f7eb12d 1f7e5037; 0 0 0
AVD CRC 7df69904 1f7f1560 1f7eea3b; 0 0 0
AVD CRC 7e02aedb 1f7e9c3d 1f80506b; 0 0 0
AVD CRC 7dfec604 1f7d707e 1f80cbf3; 0 0 0
AVD CRC 7df5f5e5 1f7d61f4 1f815aed; 0 0 0
AVD CRC 7def911f 1f7ffd2e 1f807111; 0 0 0
AVD CRC 7de645dc 1f7ee789 1f810423; 0 0 0
AVD CRC 7de3d30d 1f7d6f43 1f833596; 0 0 0
AVD CRC 7ddcc19d 1f7c0b55 1f862f2e; 0 0 0
AVD CRC 7ddf4c0d 1f7a8ad4 1f88b001; 0 0 0
AVD CRC 7de03b79 1f78ae29 1f89d51a; 0 0 0
AVD CRC 7de781d9 1f75c6e9 1f8bb222; 0 0 0
AVD CRC 7dee9da7 1f7354a5 1f8cc9ed; 0 0 0
AVD CRC 7df12aed 1f71ff64 1f8d9ad8; 0 0 0
AVD CRC 7df66cd4 1f70e615 1f8e18cf; 0 0 0
AVD CRC 7df16a59 1f70bd59 1f8e28b6; 0 0 0
AVD CRC 7e01d571 1f6ff89a 1f8ec576; 0 0 0
AVD CRC 7df9c81c 1f707320 1f8ef048; 0 0 0
AVD CRC 7df3bfb7 1f6ff301 1f8ed6ed; 0 0 0
AVD CRC 7df2b578 1f6f81bf 1f8f2e10; 0 0 0
AVD CRC 7deb8895 1f6f871b 1f905a6c; 0 0 0
AVD CRC 7e05a627 1f72fd0d 1f8f98fc; 0 0 0
AVD CRC 7deb4303 1f6f6fba 1f906c05; 0 0 0
AVD CRC 7ddc6345 1f71d5b6 1f8bed36; 0 0 0
AVD CRC 7df6c133 1f6cbf1b 1f9386ac; 0 0 0
AVD CRC 7e07787c 1f6eabc3 1f8cea53; 0 0 0
AVD CRC 7e06e918 1f6f1ec1 1f944c11; 0 0 0
AVD CRC 7e551aea 1f8cf21d 1f7f1267; 0 0 0
AVD CRC 7e1c4fce 1f8de3a2 1f5f2dea; 0 0 0
AVD CRC 7e179554 1f8dbd36 1f5cebb2; 0 0 0
AVD CRC 7e03704c 1f8a1707 1f68b4f9; 0 0 0
AVD CRC 7e1cb654 1f804313 1f7a8f54; 0 0 0
AVD CRC 7e534e53 1f7fd9ba 1f8f83e6; 0 0 0
AVD CRC 7e484312 1f7ca571 1f94c7b2; 0 0 0
AVD CRC 7e17a46c 1f783873 1f92a277; 0 0 0
AVD CRC 7e0678ca 1f813767 1f87e25e; 0 0 0
AVD CRC 7dff4434 1f8c68aa 1f7e2439; 0 0 0
AVD CRC 7e15c892 1f9081da 1f7a2da6; 0 0 0
AVD CRC 7e1ba8e9 1f848d4b 1f826102; 0 0 0
AVD CRC 7e0f894e 1f7801c6 1f8af724; 0 0 0
AVD CRC 7e2db7f7 1f78c69b 1f8a2bf2; 0 0 0
AVD CRC 7e233e13 1f7a013a 1f8dc742; 0 0 0
AVD CRC 7e145a0a 1f77523e 1f904c57; 0 0 0
AVD CRC 7e0fb8ec 1f783df3 1f9041c1; 0 0 0