video protocol: MPEG4_PART2
revision all
AVD CRC 7d3309d2 27a47ab0 d8dd2925; 0 0 0
AVD CRC f1944013 56a322fe 2c794b78; 0 0 0
AVD CRC d4918858 466d4d48 9e322ae2; 0 0 0
AVD CRC e0dd62ef 41b5dcab 7426a80; 0 0 0
AVD CRC a0204e42 1ac46f 34d33d44; 0 0 0
AVD CRC 49bf21c7 30dd6ea 54a3e5a6; 0 0 0
AVD CRC d04dc22 79f8064f 32eb387f; 0 0 0
AVD CRC b08a806c 60e62d52 d5f033e6; 0 0 0
AVD CRC 46a8984 1da5c44b 84bdb6fc; 0 0 0
AVD CRC f19de6a 91a1ec56 77f596ad; 0 0 0
AVD CRC bd93f3a1 ea11612 e272f187; 0 0 0
AVD CRC f00b3773 1e05bbab b1ab2dd3; 0 0 0
AVD CRC 593a1aff 112e8af4 41dacff7; 0 0 0
AVD CRC ecded1c8 84e9c805 d4ddee9b; 0 0 0
AVD CRC 4f707512 4df20a82 266e4222; 0 0 0
AVD CRC be0948af 32ea7a37 e63a12de; 0 0 0
AVD CRC bbe00cee dc5bf85 c0a6dce9; 0 0 0
AVD CRC 318ed3b8 37a70b32 c60e3fea; 0 0 0
AVD CRC 49a34cdb 94f94362 b4858151; 0 0 0
AVD CRC e355bbc5 8c090409 3bb075bd; 0 0 0
AVD CRC 6819e05 fa3882e3 112a28d3; 0 0 0
AVD CRC 219bf4e 622679e9 585ab0b1; 0 0 0
AVD CRC c45c83c2 fecb7111 208127a; 0 0 0
AVD CRC 7840284f 7b5a8453 d95dc480; 0 0 0
AVD CRC a7d86e9c c643568b dc9eaf2a; 0 0 0
AVD CRC 1ec59b21 bd9c5e61 620d70e; 0 0 0
AVD CRC 871188ae 94b8e290 20d57911; 0 0 0
AVD CRC f39679d1 c0dd71ce 85084a0f; 0 0 0
AVD CRC 9d73b77b 52a10136 4328e7fe; 0 0 0
AVD CRC 64bcc203 c9a4be35 56595abc; 0 0 0
AVD CRC 32e70eca 7957d7b6 b23b2ac0; 0 0 0
AVD CRC eea49386 86c71dce affa1967; 0 0 0
AVD CRC b57217f3 a79bdf6a 2d08f465; 0 0 0
AVD CRC 20ac9850 78d41024 1191a9dc; 0 0 0
AVD CRC 990ab595 257c3f28 9a5cbb59; 0 0 0
AVD CRC a9d7e8b5 d6e589cc a49fc20b; 0 0 0
AVD CRC 8949184e d9ede9ca dee40da7; 0 0 0
AVD CRC 5be44be6 568b6414 920fc976; 0 0 0
AVD CRC 405b5727 73eccde1 1291943; 0 0 0
AVD CRC 7076cfec 9267a50b 85368c13; 0 0 0
AVD CRC 33d90dee f269883 2d79d287; 0 0 0
AVD CRC a25ea901 f449c54f 54af1297; 0 0 0
AVD CRC 3c39440f ccf9a223 f23e79c; 0 0 0
AVD CRC a3b5c829 394a054 e50af9a2; 0 0 0
AVD CRC c540254 3ccb47eb 2c1984db; 0 0 0
AVD CRC 5db391db 1701ac41 14a1ac58; 0 0 0
AVD CRC d57235c5 7776773a aa65bf26; 0 0 0
AVD CRC ca0b9f5d a6dfbce5 74838885; 0 0 0
AVD CRC 4a967eb7 e094299c d6e910fb; 0 0 0
AVD CRC 7272f9cd 32e26110 42d68c24; 0 0 0
AVD CRC 29e17081 a3d1c72f 17e091a4; 0 0 0
AVD CRC 3680e0c1 3e659135 a5079d00; 0 0 0
AVD CRC d9e63040 243b53be d5fa934f; 0 0 0
AVD CRC e0dbcaa0 659900db ad9f94d6; 0 0 0
AVD CRC 5a8a578d eee8fe52 add04611; 0 0 0
AVD CRC fa3e48a7 fe73a9c 92431dc7; 0 0 0
AVD CRC 3dd90264 ec72e0aa 7450345b; 0 0 0
AVD CRC ff1bbc5c 91bba23 dc407004; 0 0 0
AVD CRC a39be0a9 eacf4a1f 54128f39; 0 0 0
AVD CRC 2885d921 ec9cf496 98c30596; 0 0 0
AVD CRC e0431488 526887ff 61fd3743; 0 0 0
AVD CRC 63d5e175 da907439 38b85c56; 0 0 0
AVD CRC 89753098 61e6873f fb457aa4; 0 0 0
AVD CRC 8a692550 79066bd1 4733d312; 0 0 0
AVD CRC 3a21ec1c c02f3413 11b97c2e; 0 0 0
AVD CRC 5d011b0d 52f583fc 58948606; 0 0 0
AVD CRC 1a2b3429 38d98fa2 8b02c918; 0 0 0
AVD CRC 63767cd8 782a8236 fb6054d8; 0 0 0
AVD CRC 85040a2a 59390354 222356b; 0 0 0
AVD CRC b0ddde05 e6c06a7 dc429914; 0 0 0
AVD CRC 7db96860 7b16d00c 2b64f5c3; 0 0 0
AVD CRC 75eec267 1d50e2fb 6c281c86; 0 0 0
AVD CRC 8feff1f4 ea721d84 4a657ce6; 0 0 0
AVD CRC 69f4f512 5c9b85df 24e88fbe; 0 0 0
AVD CRC 2c0f088e 8f0e66af 736ad671; 0 0 0
AVD CRC 21b878b3 e06c05bd ca0337a3; 0 0 0
AVD CRC fb16a796 c66791e1 ece5e848; 0 0 0
AVD CRC 4fbb302d daaa3860 caf8b1d4; 0 0 0
AVD CRC 66b1f1fc f3408c4b 3976b331; 0 0 0
AVD CRC b98cec3c c922f4dc 1bcfec92; 0 0 0
AVD CRC 33c956cf 5927d767 76098d64; 0 0 0
AVD CRC 899a0fbb 300e4b13 bd813d00; 0 0 0
AVD CRC 9ed0452a 55b238ab 8e1f90b4; 0 0 0
AVD CRC e690ee7c 202bc044 94eac382; 0 0 0
AVD CRC ace65a6f ab7ff306 51d98b04; 0 0 0
AVD CRC 65b9b275 973091c1 36811bd3; 0 0 0
AVD CRC bed64922 18f53e77 431f4089; 0 0 0
AVD CRC e296fabc be3aa661 453096c6; 0 0 0
AVD CRC 9d20b0dd 90ea6bb3 ab1edd6; 0 0 0
AVD CRC c69ac006 9e7adab5 f1b6f378; 0 0 0
AVD CRC c25c07b8 2cd6f2f3 1108ac99; 0 0 0
AVD CRC a5355d45 2fbba681 85ea2913; 0 0 0
AVD CRC 6fa26dd4 26627deb 810b8dec; 0 0 0
AVD CRC 426b43bc efc9616b 1825da19; 0 0 0
AVD CRC ed8679e7 f983e489 86404686; 0 0 0
AVD CRC 4ae796d8 a7dbe300 ae3dcef6; 0 0 0
AVD CRC 25a7b113 4c9892c b96d6768; 0 0 0
AVD CRC a8251a00 8909413e af2111cc; 0 0 0
AVD CRC 9ea57880 87934cf8 c2ecabb5; 0 0 0
AVD CRC 15166802 fa31f2b8 f349c0da; 0 0 0
AVD CRC a510361e f8127a8 b6f29ac3; 0 0 0
AVD CRC bb7047c7 32356596 fbd58aed; 0 0 0
AVD CRC dfa38f1e f95bfe6d b46cf7c4; 0 0 0
AVD CRC 63254118 a43801b9 7f9f5b8b; 0 0 0
AVD CRC 5d767568 acfbccd efd411f6; 0 0 0
AVD CRC d85b0a0d 335e9b54 ccba8994; 0 0 0
AVD CRC f6408a7a fb14d90a 3cee5c0b; 0 0 0
AVD CRC 9f6653f8 5214ae9c fc884a75; 0 0 0
AVD CRC bb1d0886 dc525022 3cc86d4a; 0 0 0
AVD CRC a5559775 f30fce0c 5ad462f3; 0 0 0
AVD CRC 1b08a0f7 dfd2d0a8 dc3303ac; 0 0 0
AVD CRC 99bb54f bd174d49 e071d7f4; 0 0 0
AVD CRC fc167d35 7ac1d03a 88c5f7bd; 0 0 0
AVD CRC d81c2bd9 8f3e209f bb1e0883; 0 0 0
AVD CRC 36da70ea 2feefa94 6717537c; 0 0 0
AVD CRC 91769584 530321e8 c2123703; 0 0 0
AVD CRC 6d46fb5b fe89bd14 48a3c516; 0 0 0
AVD CRC e13ecf49 79a7d780 8a1da334; 0 0 0
AVD CRC ea7cf006 4763fcb4 c4a97bb3; 0 0 0
AVD CRC c1bc8388 164b9401 9c7ec321; 0 0 0
AVD CRC 3fc796d7 7cffe98a dbf23d03; 0 0 0
AVD CRC e0434cb6 82c257a7 5acf8f99; 0 0 0
AVD CRC f8bf7335 46956dfc a4eeed61; 0 0 0
AVD CRC 97e5ef 509cc41b 5c330443; 0 0 0
AVD CRC 58eab0a5 2183ec29 413f29fd; 0 0 0
AVD CRC 7cd5a218 aa1761b3 98eb00fc; 0 0 0
AVD CRC 2f68c635 532529db 7f836b92; 0 0 0
AVD CRC 9acb82a4 445ccbd 29f553d2; 0 0 0
AVD CRC 2ad2ba9c d8dce083 6585ab9d; 0 0 0
AVD CRC 3c693482 ad084875 85f223cc; 0 0 0
AVD CRC 776027a8 6b1b9fec 9323c122; 0 0 0
AVD CRC ee731acc fd131330 56dba887; 0 0 0
AVD CRC 67cad8dc 7b5a7b88 e5aa4796; 0 0 0
AVD CRC b8778ed3 948ed635 1254f18; 0 0 0
AVD CRC 7669cd92 62e7c3b4 343ef6fc; 0 0 0
AVD CRC bb4837d9 f910d1e2 94994704; 0 0 0
AVD CRC a9a940e1 a6788ab c19a14f4; 0 0 0
AVD CRC 8be7ec03 3a54896d ac651c23; 0 0 0
AVD CRC 25933932 d76e738c 17573d0f; 0 0 0
AVD CRC 7153109c ad0611c8 5314b732; 0 0 0
AVD CRC ebdc5207 ccea914d 6017633c; 0 0 0
AVD CRC eff4794a 86bbcf1 94223f9e; 0 0 0
AVD CRC 2c0992aa 46f3c304 9303b907; 0 0 0
AVD CRC 48866e8e a600c097 baf03af2; 0 0 0
AVD CRC 46e6ac93 84e6b6d1 e3427c03; 0 0 0
AVD CRC 4cc9fa9a a0955b7f 3af02984; 0 0 0
AVD CRC b0184fea 3e6f4f 2ad10c4b; 0 0 0
AVD CRC b3019945 fea5d667 84d35e44; 0 0 0
AVD CRC a4c49fa8 4a98e33b fa867e3; 0 0 0
AVD CRC 9ccd30a8 48fcff68 79acce58; 0 0 0
AVD CRC c779e1a7 1431c764 388e744f; 0 0 0
AVD CRC 4a440952 72046e0c cec8c64c; 0 0 0
AVD CRC 21ecbaf8 196fdb88 a4321be7; 0 0 0
AVD CRC 920d781a 643c6ada 7da759b2; 0 0 0
AVD CRC 4454a495 ab7da25a a7f8c811; 0 0 0
AVD CRC 3552b48c 383c34bb dde3c9e1; 0 0 0
AVD CRC 93af5d0f d6a91dfd 472af6be; 0 0 0
AVD CRC 2d793596 4393a0d3 50d441c3; 0 0 0
AVD CRC c2ceaa91 ed88b3c7 70677b39; 0 0 0
AVD CRC a1caaeed dca334f3 fbb19d8; 0 0 0
AVD CRC f49b7eed d280825b 6096e0ec; 0 0 0
AVD CRC 929bb29f 8c216903 b135f653; 0 0 0
AVD CRC b1910c84 d68d3356 39d6120d; 0 0 0
AVD CRC 4992f461 13a4d2b8 1f2f7cc9; 0 0 0
AVD CRC 144ac5d7 4b629946 96d1e9ca; 0 0 0
AVD CRC f106f3fe b9f659a6 a9fe1575; 0 0 0
AVD CRC 8788e9e4 ee2ef3f1 5201b11e; 0 0 0
AVD CRC 2d367933 6da05e4f 1269cd51; 0 0 0
AVD CRC 90f59df6 9a001914 92cd7983; 0 0 0
AVD CRC 27320991 c4a303e4 75cf08f; 0 0 0
AVD CRC 9be35aa7 f3cbb83 f8503b75; 0 0 0
AVD CRC 9f66e55e 2a13e5d2 2b18f308; 0 0 0
AVD CRC df23d8c3 9df45a3c 8b7dd252; 0 0 0
AVD CRC 491603f5 1b0de0d4 2f5139bd; 0 0 0
AVD CRC 75857d52 769b5f23 ccd04e93; 0 0 0
AVD CRC f3da3639 4decf2d7 2e77682a; 0 0 0
AVD CRC 1c05af0a 8d9964a5 9175c7e; 0 0 0
AVD CRC b8437294 814ab67a 8cbf9652; 0 0 0
AVD CRC 4dca69d0 25bf6011 d93ae315; 0 0 0
AVD CRC fa3ef615 40af0ba 9497b054; 0 0 0
AVD CRC 4dc51e9b 20994282 3d807121; 0 0 0
AVD CRC 690e27dd df5a5547 2482b540; 0 0 0
AVD CRC fd5ca723 d7ec0c1e db54939e; 0 0 0
