video protocol: SPARK
revision all
AVD CRC 8ed8730a 676dabf7 676dabf7; 0 0 0
AVD CRC 8ed8730a 676dabf7 676dabf7; 0 0 0
AVD CRC 8ed8730a 676dabf7 676dabf7; 0 0 0
AVD CRC 8ed8730a 676dabf7 676dabf7; 0 0 0
AVD CRC 8ed8730a 676dabf7 676dabf7; 0 0 0
AVD CRC 8ed8730a 676dabf7 676dabf7; 0 0 0
AVD CRC 8ed8730a 676dabf7 676dabf7; 0 0 0
AVD CRC 8ed8730a 676dabf7 676dabf7; 0 0 0
AVD CRC 8ed8730a 676dabf7 676dabf7; 0 0 0
AVD CRC 8ed8730a 676dabf7 676dabf7; 0 0 0
AVD CRC 8ed8730a 676dabf7 676dabf7; 0 0 0
AVD CRC 8ed8730a 676dabf7 676dabf7; 0 0 0
AVD CRC 8ed8730a 676dabf7 676dabf7; 0 0 0
AVD CRC 8ed8730a 676dabf7 676dabf7; 0 0 0
AVD CRC 8ed8730a 676dabf7 676dabf7; 0 0 0
AVD CRC 8ed8730a 676dabf7 676dabf7; 0 0 0
AVD CRC 8ed8730a 676dabf7 676dabf7; 0 0 0
AVD CRC 8ed8730a 676dabf7 676dabf7; 0 0 0
AVD CRC 8ed8730a 676dabf7 676dabf7; 0 0 0
AVD CRC 8ed8730a 676dabf7 676dabf7; 0 0 0
AVD CRC 8ed8730a 676dabf7 676dabf7; 0 0 0
AVD CRC 8ed8730a 676dabf7 676dabf7; 0 0 0
AVD CRC 8ed8730a 676dabf7 676dabf7; 0 0 0
AVD CRC 8ed8730a 676dabf7 676dabf7; 0 0 0
AVD CRC 8ed8730a 676dabf7 676dabf7; 0 0 0
AVD CRC 8ed8730a 676dabf7 676dabf7; 0 0 0
AVD CRC e4b88cfa 5258761c fa03e33e; 0 0 0
AVD CRC 793d6995 dae0f732 d52b7f39; 0 0 0
AVD CRC d926bc69 f1c7cabd 710e40fd; 0 0 0
AVD CRC 8683fa76 9b17062a 7ad3e4b; 0 0 0
AVD CRC df2af347 2e602054 9e49a14c; 0 0 0
AVD CRC 17fb6850 592fede1 9b7af525; 0 0 0
AVD CRC 33bbae3c aa1f164d 1e8cc15b; 0 0 0
AVD CRC 5512465d 2a91f261 e1313711; 0 0 0
AVD CRC cbe00fcb 3448ca36 4190d998; 0 0 0
AVD CRC f3cf7741 3b723a2e 74a0917; 0 0 0
AVD CRC f18db828 1c33ecab 5fa3f4f; 0 0 0
AVD CRC 947e7e31 c346d17b 2319e678; 0 0 0
AVD CRC 2746d4fd 449171dd 95ad0047; 0 0 0
AVD CRC d341c28 cad05fdb 84d248dd; 0 0 0
AVD CRC c3f91ceb cc0123df 5ca37c57; 0 0 0
AVD CRC e4b8bc0 639f2e70 1ba623f4; 0 0 0
AVD CRC 4362445f 50fce65d fac97454; 0 0 0
AVD CRC 1603e656 f2658ab0 ec0e0055; 0 0 0
AVD CRC 3be5a165 fce09ce0 fe3c8a37; 0 0 0
AVD CRC 621219c3 e910d3fe a966d0cd; 0 0 0
AVD CRC 8cbb7269 cb7d0650 3e0fe82; 0 0 0
AVD CRC a9425455 e3196a26 b7f907aa; 0 0 0
AVD CRC 6569e377 33743909 c79eb974; 0 0 0
AVD CRC 7cca60d2 754a4b38 7b5efa59; 0 0 0
AVD CRC 8b47faec 32811167 7c7f6db3; 0 0 0
AVD CRC aa1f5bb2 3e1ca5cf ed2bb4b9; 0 0 0
AVD CRC 8ddac850 c7caa8be e50184db; 0 0 0
AVD CRC 87c79a42 77807f8 3eed0ef4; 0 0 0
AVD CRC 9bce65a6 1f569b4b 1a646850; 0 0 0
AVD CRC 9390b0be 48a8493c bc4e3b5a; 0 0 0
AVD CRC 6613a895 cf0c5893 6a7b6149; 0 0 0
AVD CRC 144f20cc d9bfe262 7ddc1b97; 0 0 0
AVD CRC 40ed3150 bba6eb06 45303c0e; 0 0 0
AVD CRC fe5ec552 f15612a2 be171c25; 0 0 0
AVD CRC 3a2f416b 737b67d1 97f556e1; 0 0 0
AVD CRC 6b966e66 dacbdd2e f61416b8; 0 0 0
AVD CRC 74f77ce4 13d665bb 2acf83e1; 0 0 0
AVD CRC 6e6e181 810d7fb4 e6e35572; 0 0 0
AVD CRC cb42ea44 9e73a592 85e1911; 0 0 0
AVD CRC 4774699a 31270924 85ca1f26; 0 0 0
AVD CRC f73bfc5c 78c28258 306caf45; 0 0 0
AVD CRC 779d849a 470849f0 44383602; 0 0 0
AVD CRC 16ac8055 3eeb06a c787a6d9; 0 0 0
AVD CRC 86b1054e 7747ef0c f8bd172a; 0 0 0
AVD CRC dd44a17 a655fa10 957a6e79; 0 0 0
AVD CRC d9bd491e 54615b76 d80865a1; 0 0 0
AVD CRC 532ca535 9b746926 d30c7ad1; 0 0 0
AVD CRC e3f8c443 aadda2f4 952f008a; 0 0 0
AVD CRC 7986748a b08ef146 be75ff3e; 0 0 0
AVD CRC 63e4376 343100ae 7d677d6f; 0 0 0
AVD CRC 74a2dcab 8ef93300 ee13069f; 0 0 0
AVD CRC 79f552d6 20310783 aded897; 0 0 0
AVD CRC b1b553aa d6cf7cef 224e8726; 0 0 0
AVD CRC d6ba65cb 6103e0ff 7c62715; 0 0 0
AVD CRC cf8a536b 95cbdd6a 8ba77ba9; 0 0 0
AVD CRC b0c70524 bf0baf2a cd5cd8b6; 0 0 0
AVD CRC e736c342 5d50232a 33591bef; 0 0 0
AVD CRC 309b8515 e3c23515 25b37bad; 0 0 0
AVD CRC 2d110312 9972775e 77b74319; 0 0 0
AVD CRC 7e2030db a18f88d6 cd1071c4; 0 0 0
AVD CRC c0c5777b d6177956 94ff8be6; 0 0 0
AVD CRC 707eec4b f50dac05 b259627b; 0 0 0
AVD CRC 8d589e8e f12d2f3c 1d170f49; 0 0 0
AVD CRC 7ef83910 c5f5e481 6f0f3f52; 0 0 0
AVD CRC f7c4555f 2d95339b 8dd1df7b; 0 0 0
AVD CRC 1016729a e807296b 231da770; 0 0 0
AVD CRC c095cc4f 310fb21c b01afee9; 0 0 0
AVD CRC fda82c78 f021d5c 72e1e43d; 0 0 0
AVD CRC df211bd5 9a56f5bc 733848b6; 0 0 0
AVD CRC 83fdaf0d ee68f699 3bbbdb01; 0 0 0
AVD CRC b0a1f6d1 b7d44c41 fef011c9; 0 0 0
AVD CRC b51e0107 9ae05b82 fb2db17d; 0 0 0
AVD CRC 282aa657 6570342b 1907f830; 0 0 0
AVD CRC b066bca3 cc11e77 3ef1e070; 0 0 0
AVD CRC 1880789c a3bb651b d8a70a96; 0 0 0
AVD CRC dc563943 d56a98f2 2d2eee1b; 0 0 0
AVD CRC 344942d4 66fcbb87 78fb0416; 0 0 0
AVD CRC 4eed7b55 d9c87407 cf13e626; 0 0 0
AVD CRC f9dffe5 c87c34eb 45538e7a; 0 0 0
AVD CRC ceb24171 934a1d7f 848256c3; 0 0 0
AVD CRC 5879dd16 329e9c2b 2da1dae3; 0 0 0
AVD CRC fc39fad4 2d6da7ed 48984d43; 0 0 0
AVD CRC f8dd16ba c2f7f59f c6541e63; 0 0 0
AVD CRC 20608e5b b67c1258 929659d6; 0 0 0
AVD CRC 2f97cf1e b1e94fd4 fa6d5917; 0 0 0
AVD CRC 23e1fb5c 9a7df588 48ea06c; 0 0 0
AVD CRC 6e4fdccd f3f8c3a5 c12b9df3; 0 0 0
AVD CRC 549346b5 c25f21ae 4e1a3f32; 0 0 0
AVD CRC 74de011c 940824f9 2e3f96be; 0 0 0
AVD CRC a4a2e70d 3ca450e1 9b18b31c; 0 0 0
AVD CRC 6fa069e2 32a84b27 28555dde; 0 0 0
AVD CRC ceb1ac54 2993dd40 62b7b154; 0 0 0
AVD CRC 3673dd5f 694800c5 cc748d05; 0 0 0
AVD CRC 6f817454 b2debcfc 19f58851; 0 0 0
AVD CRC e7c5ba6f 2c0a7185 14178d44; 0 0 0
AVD CRC b4de1bb6 f4e61552 91690ba7; 0 0 0
AVD CRC 24ff8654 31aa7fe2 c84d816e; 0 0 0
AVD CRC 27264dd2 eba84202 865b5189; 0 0 0
AVD CRC b854af58 a07348b7 ee999a1f; 0 0 0
AVD CRC 19e86cf7 e8bc5fcb 48c125e8; 0 0 0
AVD CRC 4d7baf76 f955c01d 48cfc934; 0 0 0
AVD CRC 201e5995 ba62f7e 562d2abb; 0 0 0
AVD CRC 49c50e8e 2c7144ba 1edadf46; 0 0 0
AVD CRC 8d0d9404 864d7676 9e3fc5a6; 0 0 0
AVD CRC ea3c4573 4b5297b3 79c7e97e; 0 0 0
AVD CRC e2f00d4f 64dd642c a3c22ca7; 0 0 0
AVD CRC d75556f9 c6113ff6 aaf0a695; 0 0 0
AVD CRC 871efeaa 65a10771 5cbd313; 0 0 0
AVD CRC 91a36c87 c94a462e 4dc37ad1; 0 0 0
AVD CRC cac044ae 630c33b 9dd09f6d; 0 0 0
AVD CRC b8cc6bfd 598a6e97 7766920c; 0 0 0
AVD CRC 4b314afb a4e84e2c 649c1b03; 0 0 0
AVD CRC f2cfbe5b 19eb56cb e3388b6e; 0 0 0
AVD CRC a7c3d84b 64e728f3 fdb264b7; 0 0 0
AVD CRC 4f4777a8 11618269 d81dc9db; 0 0 0
AVD CRC 284ba0bb 8bc74011 db15785c; 0 0 0
AVD CRC d1ae31a9 2f6dadd4 e131b99b; 0 0 0
AVD CRC a30919c9 3f5306e0 d1a0edcb; 0 0 0
AVD CRC a2141038 c8e5b7f9 81a998e; 0 0 0
AVD CRC 95f9d4eb 547a9536 b79549; 0 0 0
AVD CRC 50cebbdf 71e4d368 36bdff43; 0 0 0
AVD CRC 880c491c bb351e03 41551728; 0 0 0
AVD CRC 2535a7cc 8d9802a5 a6644fa0; 0 0 0
AVD CRC 648fa706 19472a2e 4c18e931; 0 0 0
AVD CRC b768eeb9 44d3cb69 aa8c34b9; 0 0 0
AVD CRC 3a1a6b2d af35a990 efd168fc; 0 0 0
AVD CRC d2e87fcc 838df9f5 30c86783; 0 0 0
AVD CRC 86a47897 f1127de4 48e5d7f1; 0 0 0
AVD CRC 86e8dd8d a87bd5b0 ed5c2f49; 0 0 0
AVD CRC e9998ec6 ffedb8ce 9d380da0; 0 0 0
AVD CRC 4d633724 678bfa3d b0aa34be; 0 0 0
AVD CRC 1111e054 57391c7e 93a01cbe; 0 0 0
AVD CRC d2a3c38b 2e51c79f a2da3239; 0 0 0
AVD CRC 4a0da055 791418b8 401f7e07; 0 0 0
AVD CRC 7f7bbb7 79de45f4 a02d2500; 0 0 0
AVD CRC 432e705a 8fad8906 8b796942; 0 0 0
AVD CRC fcf6b3b1 77f0d973 7e244ce6; 0 0 0
AVD CRC 6bc61e50 c6d73f6e 5712cd20; 0 0 0
AVD CRC 9d55bd80 f8978dd4 71a34ce8; 0 0 0
AVD CRC 25c59287 3e6e00e7 e225a9a3; 0 0 0
AVD CRC 503e41ce fc094dc1 ebcacc6e; 0 0 0
AVD CRC ad683692 46ada9d 1baca100; 0 0 0
AVD CRC 6ef9f825 b3f0b018 5ff89be0; 0 0 0
AVD CRC 6075b8d0 d9362982 efe1e5f0; 0 0 0
AVD CRC 5a918a3a ec275d7b 3b8297c8; 0 0 0
AVD CRC 1ababc2e 81416c83 64dbc28f; 0 0 0
AVD CRC 222e8738 addbaa3f 2b0bea3f; 0 0 0
AVD CRC fdda608 f7d7336c 5940c652; 0 0 0
AVD CRC 698afe54 8a775c70 7c98d7a3; 0 0 0
AVD CRC d8dea1e7 9d4faafb 117b75ba; 0 0 0
AVD CRC 5f867994 554b48c3 110c063a; 0 0 0
AVD CRC 924aef0a 2ad55e92 dc77b90e; 0 0 0
AVD CRC 3cf47afb 7673cc44 19949509; 0 0 0
AVD CRC c04f363f 76ebf910 de529be4; 0 0 0
AVD CRC 46dd40a4 74a18d3f f32013f; 0 0 0
AVD CRC c249d23 92bd7fa8 631e2a48; 0 0 0
AVD CRC 4cc7574f dae26684 b36ad989; 0 0 0
AVD CRC 4cb6fda9 6d857d7d 7c968288; 0 0 0
AVD CRC f7d0726a e948448f 5ef9e43; 0 0 0
AVD CRC 7911c500 dace1b72 f55882bc; 0 0 0
AVD CRC 1d9931b1 e8768bb6 2e327f54; 0 0 0
AVD CRC 88660544 9be01255 ed8369ff; 0 0 0
AVD CRC 4eef6261 f8a478b6 4fb50d55; 0 0 0
AVD CRC 388abf 874e6434 9ae06546; 0 0 0
AVD CRC ac481e8c b780d5e9 a769b128; 0 0 0
AVD CRC 8cdd7d7e 8c980c8d fce7d61b; 0 0 0
AVD CRC 3cd30ba8 301b3a52 ce4d0c76; 0 0 0
AVD CRC 468a663a e8547964 33004f90; 0 0 0
AVD CRC 626b7635 25b9f89d 3c8989ca; 0 0 0
AVD CRC 504437b2 325de9f9 a7245b53; 0 0 0
AVD CRC 9c79dd8a 72e89d33 5ed4d22c; 0 0 0
AVD CRC 5a24f61b a5975f00 2a94e1d5; 0 0 0
AVD CRC a8e2f91 86c60b15 ba9c70bc; 0 0 0
AVD CRC 5cee6d3d 49c6a91e ffd1b79e; 0 0 0
AVD CRC 80e66f9c d2a601e8 60e066f9; 0 0 0
AVD CRC c1cb4a8a 40e16cc6 e4e90b9; 0 0 0
AVD CRC 9b423330 957a4207 e3f252d4; 0 0 0
AVD CRC fa986ee0 7a71b2ea 9549dd42; 0 0 0
AVD CRC fb4dd162 7fb8cf85 6de8c66a; 0 0 0
AVD CRC bce4f3e8 b565730e ccc99a67; 0 0 0
AVD CRC 369e5d92 ae4e6f2b 5fb068cc; 0 0 0
AVD CRC 1b753a97 16ed2f0f ef5acc97; 0 0 0
AVD CRC 266a6b24 1671391a ae8cb046; 0 0 0
AVD CRC f794414a 26d5bd6 c32c03eb; 0 0 0
AVD CRC f1524647 f2ccf712 f9a46172; 0 0 0
AVD CRC 949e7a7 2a5f67f3 ffae0605; 0 0 0
AVD CRC adbd3bad 97842087 b4472e3e; 0 0 0
AVD CRC 3069ccca 67ce5f58 aec0bbf6; 0 0 0
AVD CRC 38392274 9c0c45ef 9cfa3c6f; 0 0 0
AVD CRC f66274a3 d36fe24c a7d1124e; 0 0 0
AVD CRC 86a595f3 5938e33f d2fc6aca; 0 0 0
AVD CRC 72d71d81 5c51f92f 9759158e; 0 0 0
AVD CRC 1198624b 23a0d209 8feafd45; 0 0 0
AVD CRC 1331c8ce 65f36e4 6c3d60bc; 0 0 0
AVD CRC bc790234 3b10f56b 44a78900; 0 0 0
AVD CRC 35973601 35c5d192 cf6480f6; 0 0 0
AVD CRC bf0d482c 5a342bd9 c9181f5f; 0 0 0
AVD CRC 4aefa79 a65df7ff b75ad934; 0 0 0
AVD CRC b76c96c4 7499b3b3 e1d0276e; 0 0 0
AVD CRC 917b498a 293d73d9 84a1f736; 0 0 0
AVD CRC 3b0fbbfe ac0d520b 614acbf8; 0 0 0
AVD CRC b5b9cfdd 64cce163 63cdbb1; 0 0 0
AVD CRC 28c18462 47d17d19 dfd1ee3e; 0 0 0
AVD CRC 4d9860f8 dbedafd9 e38ef882; 0 0 0
AVD CRC 9a483884 df764d3 13b14552; 0 0 0
AVD CRC c9cb3d25 8d67eab7 dc2f05ce; 0 0 0
AVD CRC bfc0b608 307cdb44 c025e404; 0 0 0
AVD CRC c771a8c5 cdb11236 864f17b7; 0 0 0
AVD CRC 1f63a885 d0323970 183b4f6a; 0 0 0
AVD CRC c4c0854e c888e18 292e6e6a; 0 0 0
AVD CRC 2a36e5a3 cb0268 5728fc80; 0 0 0
AVD CRC 1827821e 5a4ef125 24930fa0; 0 0 0
AVD CRC 2d6040bd d87c06ac f35db20; 0 0 0
AVD CRC ad2a96a3 a1726569 a38869ab; 0 0 0
AVD CRC f9957127 cd4a16f ae458a68; 0 0 0
AVD CRC 84a6d42d c6b1418d ddb72800; 0 0 0
AVD CRC 998e7f51 39493ed6 c45851; 0 0 0
AVD CRC b3fe9bb7 d5fbee95 d102d5ab; 0 0 0
AVD CRC 3d214b38 af8fa61a 448e6231; 0 0 0
AVD CRC 8d744fe 728a446 ed1e3199; 0 0 0
AVD CRC 9d882f7a 5443562 cfb56be6; 0 0 0
AVD CRC 343af008 cac68498 92c03703; 0 0 0
AVD CRC 4f964f38 aa2814f6 bb6ffa5b; 0 0 0
AVD CRC cc791c26 6433710c 615a6097; 0 0 0
AVD CRC e6bb73a c7f301ee 490900e3; 0 0 0
AVD CRC d3e5d234 5550cef6 cce3ee6; 0 0 0
AVD CRC b9fafe98 a918f87c cadc790a; 0 0 0
AVD CRC 8acd86cc a2b7040d 78ec503c; 0 0 0
AVD CRC 603fc1a3 4cbd63a5 783e544; 0 0 0
AVD CRC 215f6b14 6d38adff 5a3c75d1; 0 0 0
AVD CRC 6eeff3f1 adf4b9aa 5551858; 0 0 0
AVD CRC 5c529dfc 33b0b083 af2ec93f; 0 0 0
AVD CRC 8228cdfc 3b38de7c a8e88bf0; 0 0 0
AVD CRC 96d8b201 720c862a 61a801ef; 0 0 0
AVD CRC 363ad91f 3f190126 9ae2f1ba; 0 0 0
AVD CRC 271f4bbf c3fb8513 1cbb21a7; 0 0 0
AVD CRC 5f912497 79fa1b1 ad067c9f; 0 0 0
AVD CRC 9a8373a8 c33c6f8d f1dedfb3; 0 0 0
AVD CRC a8de4eae d6fdf34e a628755f; 0 0 0
AVD CRC a27df74e a51a5cfd 20b4305d; 0 0 0
AVD CRC 3f8a040b f1707caf a4947f83; 0 0 0
AVD CRC 39f7ff3d 2d5f3d1d f5911a7f; 0 0 0
AVD CRC a2c7c5f 26ee52cd 33c901b; 0 0 0
AVD CRC a0b9fcfa dd241ede 1b2d269; 0 0 0
AVD CRC 65c38c03 d8433a60 836568d1; 0 0 0
AVD CRC d0eb83fd c4e1340f b7a1a62a; 0 0 0
AVD CRC f18c1395 e732d369 dd844f35; 0 0 0
AVD CRC bf352ad6 7e56b293 2a4ef87a; 0 0 0
AVD CRC f8b0d9d3 5bf630c7 11857df4; 0 0 0
AVD CRC cfa004c4 c0afb119 9625fb4b; 0 0 0
AVD CRC dabe9780 f4f03f92 319014a1; 0 0 0
AVD CRC d931fd31 424d49b7 3500c3c2; 0 0 0
AVD CRC 1af5aac6 95b76f91 21beaeff; 0 0 0
AVD CRC 8941c88a 4fe3d5c7 ff8e561; 0 0 0
AVD CRC 49121bc b7e92a0c 3974d827; 0 0 0
AVD CRC 65161b8 f24dd5b5 7f081640; 0 0 0
AVD CRC acfa0c3f aa39c4c6 a25366b5; 0 0 0
AVD CRC ffb5ad7e 3c215b93 f188df3b; 0 0 0
AVD CRC 4526f988 f4903654 dcc499a2; 0 0 0
AVD CRC 659f4286 16ca9aa7 85b7d748; 0 0 0
AVD CRC 99c477f3 6bdbe742 43d4e982; 0 0 0
AVD CRC 54fd8a98 9203ab10 8086f2ed; 0 0 0
AVD CRC ac5fade7 681b4c99 10efaa30; 0 0 0
AVD CRC d68ee032 c95939d1 c3298071; 0 0 0
AVD CRC 6ee3589f 1a519038 e21eaf4e; 0 0 0
AVD CRC 3da79bff e8e2b7ab 64156365; 0 0 0
AVD CRC 62123ea3 10548a88 7d52920c; 0 0 0
AVD CRC 76b8df3e d06d0433 410aff8a; 0 0 0
AVD CRC d155a27e e17263b9 fa642076; 0 0 0
AVD CRC 2e0bacee d3593be5 826a416c; 0 0 0
AVD CRC a45db9b8 d85476dd 4c1bd455; 0 0 0
AVD CRC 38df1b37 b025753a e7332170; 0 0 0
AVD CRC 1b34b16a 8dc0750d a884875c; 0 0 0
AVD CRC bd2fbd90 c79b9f75 6f393293; 0 0 0
AVD CRC 17db01ea e7d5a303 1705f8b7; 0 0 0
AVD CRC 4584a168 5bdd3229 3a3123a; 0 0 0
AVD CRC 3689b136 87ebefb7 26b41fde; 0 0 0
AVD CRC 4210c161 b8fee445 20171181; 0 0 0
AVD CRC bcafd1ce 58ce6cd5 acf7793; 0 0 0
AVD CRC b6c919e1 aade8f20 7c3dec16; 0 0 0
AVD CRC 841002dc 2f7750a4 5421a944; 0 0 0
AVD CRC 64d6a251 d8346e80 26955473; 0 0 0
AVD CRC f9924968 1401c3ba e97e0ed0; 0 0 0
AVD CRC 5b5f4eb4 48429c56 c3a5b817; 0 0 0
AVD CRC 3e8015aa fcd2bd2 971714ad; 0 0 0
AVD CRC 8c324a92 923c1d8c 5e79b1bf; 0 0 0
AVD CRC 28ad97fe dda02e7 50dc732; 0 0 0
AVD CRC 7aebe6d1 daaa40e6 1144f07e; 0 0 0
AVD CRC 4aa86536 ac45db01 d77c33f8; 0 0 0
AVD CRC 3141a220 6721a5c7 3420f930; 0 0 0
AVD CRC 3da028d8 4bdae50e 269e7d8a; 0 0 0
AVD CRC 9368d14 76c2e656 f389be81; 0 0 0
AVD CRC 8051007d dddc66dc 858d4a3a; 0 0 0
AVD CRC eb575da5 5a7b4c27 6b48f277; 0 0 0
AVD CRC c71f14e1 beac4c2f 12f1bfe; 0 0 0
AVD CRC 25ac0381 1944fe10 a5158c76; 0 0 0
AVD CRC 88d24e02 ac6a71de acf326f3; 0 0 0
AVD CRC 754417b0 5d16364f 9f27f178; 0 0 0
AVD CRC f48fbbd4 cae36115 a6f9b79b; 0 0 0
AVD CRC 3a99453b 554eb359 9b3796fb; 0 0 0
AVD CRC ab0d29eb 24564b2b 157d7a51; 0 0 0
AVD CRC 4564544b fb5e1634 7e08c0f0; 0 0 0
AVD CRC a20dd92d 2911e6a5 d5fd390; 0 0 0
AVD CRC c7acebc5 2b3ea313 633b0582; 0 0 0
AVD CRC 307522fd c2351ac8 595a37e5; 0 0 0
AVD CRC aa88623d df0c5847 624e5dc9; 0 0 0
AVD CRC 9b626fe7 899860d0 5aa93c7c; 0 0 0
AVD CRC 5e3d344e 87a3985 c8ba24e5; 0 0 0
AVD CRC 75a5ef52 a3822d25 b6802003; 0 0 0
AVD CRC 5287c947 971ba11 264cc9e5; 0 0 0
AVD CRC a0cf709d 289a816e 2e4fa78b; 0 0 0
AVD CRC db5b535a ee00992d 48130ef; 0 0 0
AVD CRC 27d26765 e3308c4b 43201a7b; 0 0 0
AVD CRC e624f3a 4fa2b8f8 deb91e2c; 0 0 0
AVD CRC e8610382 915a716a ce5efdfe; 0 0 0
AVD CRC be945876 5c430b2d 4886f833; 0 0 0
AVD CRC 661f7413 bc27328d 2465ad37; 0 0 0
AVD CRC ae988ece 3e2047fc 46309c0c; 0 0 0
AVD CRC 2a23dd5b 1e37f226 4f0b6016; 0 0 0
AVD CRC 34a33219 b17ba3af d0dcebd6; 0 0 0
AVD CRC 60b1dd9c c7763854 6bd74e29; 0 0 0
AVD CRC 425d6e17 aeb39525 f1f1bdee; 0 0 0
AVD CRC be985207 478dff1e d1841cc3; 0 0 0
AVD CRC e9a02e0a 11c089e1 f3e68f5e; 0 0 0
AVD CRC 1de1d860 21194050 a41aec80; 0 0 0
AVD CRC dd375e68 d5fdd6f2 df47c32; 0 0 0
AVD CRC a498d938 f6549a9d 283623c0; 0 0 0
AVD CRC d8f89d68 143093f6 9b21914e; 0 0 0
AVD CRC acce0d33 70cbf5d4 d1eac546; 0 0 0
AVD CRC 1b296e3c c50d2a27 8119fb2a; 0 0 0
AVD CRC ed048eb 52bf173d 8e8dc4c6; 0 0 0
AVD CRC 2c7ea6db d0b6379 2c18492e; 0 0 0
AVD CRC eb389e4a 78a908a5 6aded525; 0 0 0
AVD CRC eaa5d43e bc34358b 797ea113; 0 0 0
AVD CRC f9ab039a 43e979cf 7a625747; 0 0 0
AVD CRC c6dde24c e7564535 dd0c1a58; 0 0 0
AVD CRC d452adf2 e498c23c 6a67e422; 0 0 0
AVD CRC 9d3200f8 c5d0fa10 c8b612ed; 0 0 0
AVD CRC 76e18465 ba9a7af4 9e50e447; 0 0 0
AVD CRC 11b1b6e1 3a8d7b3d d4f3e99e; 0 0 0
AVD CRC 42da8cd9 bc708629 4dbccef4; 0 0 0
AVD CRC bc5ab6d0 b92a0ec9 78ba875d; 0 0 0
AVD CRC c1432684 56bae112 2afeacf2; 0 0 0
AVD CRC fab6ede0 f9d8d25f a597b7c; 0 0 0
AVD CRC 21bb5b79 fc1a9d3 239da7f3; 0 0 0
AVD CRC b7f09e1d 846be1eb b68fe174; 0 0 0
AVD CRC 2fd267e8 74a6f9a0 ece5d0c3; 0 0 0
AVD CRC f5be6ac3 b6725b78 31567dbb; 0 0 0
AVD CRC dde477fc 7a9a689d 4f560016; 0 0 0
AVD CRC 79d2d6f 2fdad3f5 586cad97; 0 0 0
AVD CRC cb087b50 5b5147d3 9ddab24; 0 0 0
AVD CRC 751c2b33 91c106ed 9bd4fa36; 0 0 0
AVD CRC 86afe255 6b546a17 9e816ed0; 0 0 0
AVD CRC 2069d2d a386461f 704a41d8; 0 0 0
AVD CRC e03828b8 aef8611f 2e4ef7bf; 0 0 0
AVD CRC 7b1ce4ed 1a1a0fba e364a663; 0 0 0
AVD CRC 3a9a3a5e 5502f472 3a883144; 0 0 0
AVD CRC 1fac0d2c aafe7faf fde393d0; 0 0 0
AVD CRC b8f73f66 bc8b226 10d0241c; 0 0 0
AVD CRC 7222f9d4 c51a74b2 5bc858a0; 0 0 0
AVD CRC 8a1080eb b566107 180a18d3; 0 0 0
AVD CRC 3b2826c8 6eba9768 6ef89e5b; 0 0 0
AVD CRC b88e5891 163509c9 6064af61; 0 0 0
AVD CRC 6a46e557 661fb6fc def121db; 0 0 0
AVD CRC accfe85a e46d375f c8146425; 0 0 0
AVD CRC 96f5fab9 1d16a2a2 27453535; 0 0 0
AVD CRC 4f308225 3553d13 c5471976; 0 0 0
AVD CRC cef93e47 b958a92a e35a13c6; 0 0 0
AVD CRC ec4b44df 2f2a416 f48723b0; 0 0 0
AVD CRC ee6ebfa 74fe2c84 f956fb06; 0 0 0
AVD CRC e101259a 3c19d224 b57c605a; 0 0 0
AVD CRC e938c514 89769f0d 8ecc810a; 0 0 0
AVD CRC fd4b38de 4c146d49 149a2442; 0 0 0
AVD CRC 1536310c 5fe071c cbf7da74; 0 0 0
AVD CRC 4896c75 6c6fa272 d3e9e71f; 0 0 0
AVD CRC 491a394a 1d481fd6 1e9d7694; 0 0 0
AVD CRC 1fc6779c 34cfc744 d99e011b; 0 0 0
AVD CRC 918e8cf2 5634053c e0d46ba6; 0 0 0
AVD CRC e5058fee 6481187c 4500f726; 0 0 0
AVD CRC ac5ce390 100724f9 2abd2d1a; 0 0 0
AVD CRC d504c047 801f1824 23a522ca; 0 0 0
AVD CRC d504c047 801f1824 23a522ca; 0 0 0
AVD CRC d504c047 801f1824 4453f22e; 0 0 0
AVD CRC d504c047 801f1824 e12cb1ee; 0 0 0
AVD CRC d504c047 801f1824 f1aed0f1; 0 0 0
AVD CRC d504c047 801f1824 f1aed0f1; 0 0 0
AVD CRC d504c047 801f1824 f1aed0f1; 0 0 0
AVD CRC d504c047 801f1824 f1aed0f1; 0 0 0
AVD CRC d504c047 801f1824 f1aed0f1; 0 0 0
AVD CRC 8f71eace 46a44522 8fa0f2f1; 0 0 0
AVD CRC 8c5fef24 77bf008f 8f5b0da1; 0 0 0
AVD CRC 98c8de57 3d372b60 79006a4a; 0 0 0
AVD CRC 3a11186a ee8bcf0d 2fe278fb; 0 0 0
AVD CRC b96edebe 6173faf 493cad5b; 0 0 0
AVD CRC c829c86 c1273a34 c7069097; 0 0 0
AVD CRC 7f934974 f437a515 c6c09bd6; 0 0 0
AVD CRC caa826d0 d29333ab b9f84c61; 0 0 0
AVD CRC 3cf932f6 ff8eec9b 1420f1a3; 0 0 0
AVD CRC 3f538242 5668210d 2b4f0527; 0 0 0
AVD CRC e1ea89d4 67468724 aa98e9; 0 0 0
AVD CRC f7f762fe 22da1960 f9fb5602; 0 0 0
AVD CRC e5ee6d17 3d5029a4 5f71976b; 0 0 0
AVD CRC 1058370e dd188593 fc14a3bd; 0 0 0
AVD CRC 6c9034e1 989b7b0f 8cf88e0e; 0 0 0
AVD CRC e9d97594 18d34591 a0c9fd39; 0 0 0
AVD CRC 77d62768 cdce5688 2be34c05; 0 0 0
AVD CRC 9eb18498 227639fd 7413e32e; 0 0 0
AVD CRC d6cf6fba d5fdece3 76a9eacf; 0 0 0
AVD CRC 8f622f06 70776407 b6b9a8c7; 0 0 0
AVD CRC 9864cb64 60a3dbdf 575b967c; 0 0 0
AVD CRC 3c5493f6 f6a60f1c 94150227; 0 0 0
AVD CRC 1b9aeb72 cad9b0b1 77331607; 0 0 0
AVD CRC 8aa2e3e8 95a95105 13f50758; 0 0 0
AVD CRC 8f8739cf 4a3be24b 29bc9c8; 0 0 0
AVD CRC 4c7e064e 32abe07a 6ff2db64; 0 0 0
AVD CRC 681d5b30 40eaff17 a14dc147; 0 0 0
AVD CRC c2d110ae 5a2f9f01 a7c18a26; 0 0 0
AVD CRC a4e6c115 94405005 23c21b8e; 0 0 0
AVD CRC c0322e52 bcde13c 3256d04; 0 0 0
AVD CRC 3e714af3 a322fe88 d591bf71; 0 0 0
AVD CRC 3e1b5ae3 d349a572 257e710c; 0 0 0
AVD CRC a62609a4 fe6d7299 b18ca015; 0 0 0
AVD CRC 979e5a17 ca6c2afa 22193d4e; 0 0 0
AVD CRC 38355ccb b7242b6b f14be031; 0 0 0
AVD CRC ffcc5c34 c2fcfd40 e7d643a; 0 0 0
AVD CRC 3041bc6c 63c4df12 987432f; 0 0 0
AVD CRC ec262fdc de5165f2 817683ea; 0 0 0
AVD CRC a461cca2 de5165f2 e200eacd; 0 0 0
AVD CRC a461cca2 de5165f2 e200eacd; 0 0 0
AVD CRC a461cca2 de5165f2 bfeda0f9; 0 0 0
AVD CRC a461cca2 de5165f2 8f3e9021; 0 0 0
AVD CRC a461cca2 de5165f2 2916b3e5; 0 0 0
AVD CRC a461cca2 de5165f2 dbb714d4; 0 0 0
AVD CRC a461cca2 de5165f2 ccedb8e6; 0 0 0
AVD CRC c05d662a 5efe5282 aba20149; 0 0 0
AVD CRC aa89800 b9464866 dcd2e0bd; 0 0 0
AVD CRC 830f7f26 1b97c433 9890af23; 0 0 0
AVD CRC ccd3ebe2 a16b29db 4d5a61e2; 0 0 0
AVD CRC b7237d1b 9fe74128 6c30a52; 0 0 0
AVD CRC 550bec75 27f3bb28 b00f08ea; 0 0 0
AVD CRC 9e676400 bd3ea885 ec32a145; 0 0 0
AVD CRC d39de662 129fbf5d 6c00652b; 0 0 0
AVD CRC 68dbcce8 1255be54 ca4949e5; 0 0 0
AVD CRC 83017013 47a86d5b dec32fce; 0 0 0
AVD CRC 4c92ab1e 3f531fb4 c65b1eed; 0 0 0
AVD CRC 492b45aa a4851863 a12adbe1; 0 0 0
AVD CRC 99744685 cb685719 e138ff26; 0 0 0
AVD CRC 31d953f6 4c09b105 4e31b86f; 0 0 0
AVD CRC dac580f1 25e88a25 83a7c5c2; 0 0 0
AVD CRC e3949aaf e57451a1 163bb466; 0 0 0
AVD CRC 4ea38fa7 1e45a222 6393d31f; 0 0 0
AVD CRC 5492d178 8c2aec66 c4aa0a3d; 0 0 0
AVD CRC 96749980 317635dc 2f0368bb; 0 0 0
AVD CRC 388b905a 63d7e854 73dc14f5; 0 0 0
AVD CRC 8fb9eefb e78ae2c6 260284d4; 0 0 0
AVD CRC 5c70939a 87db2d6f 67abfd77; 0 0 0
AVD CRC 714b54aa a2fd19d9 eb088784; 0 0 0
AVD CRC dbb3bab7 94cf5f29 6c9cd766; 0 0 0
AVD CRC b310451d 9ab277eb bb92ca98; 0 0 0
AVD CRC 12721533 d6e93fd9 32f229ae; 0 0 0