video protocol: MPEG2
revision pre-S
AVD CRC a0386d11 d59a94af deb0d0cc; 0 0 0
AVD CRC 65e537f3 f024b8e3 2b1df431; 0 0 0
AVD CRC 52a40c6c b7a7e6 96cd1edf; 0 0 0
AVD CRC ce4cdd5 c228eea 3fff4436; 0 0 0
AVD CRC f8045910 1297bc49 8337b598; 0 0 0
AVD CRC 96d8e2aa 13b12bd 1d925d9c; 0 0 0
AVD CRC 31ea7dd4 e38f9fdf af71fa29; 0 0 0
AVD CRC bb2437ae b2f69941 e6599566; 0 0 0
AVD CRC b8229bf0 e12c6a8c 147fb1a2; 0 0 0
AVD CRC 412a8ca 64c81bbe d6f2487d; 0 0 0
AVD CRC 613fb26a dd2d0a5d fac6fbee; 0 0 0
AVD CRC 40f72ef9 9de8a224 7c8e70f9; 0 0 0
AVD CRC f7e50f79 18989bb8 4a855df1; 0 0 0
AVD CRC 9360afcf 8faf5aeb f91f036d; 0 0 0
AVD CRC a1b17225 c31a0590 c24fe26f; 0 0 0
AVD CRC cb3db28f 1fa91e8c 25068348; 0 0 0
AVD CRC c4b5c8c7 808960a5 cc940c4b; 0 0 0
AVD CRC 3f5c5827 909b925 ab4971c3; 0 0 0
AVD CRC 63e43f49 158cf3b7 bd9b211c; 0 0 0
AVD CRC 75e47db4 4300cab8 d325089b; 0 0 0
AVD CRC 8089d0b3 1bc48a4a 58b7867c; 0 0 0
AVD CRC fcbde389 ef9e9416 4569447c; 0 0 0
AVD CRC 87a5b9 81b2bda2 efd4bfd3; 0 0 0
AVD CRC a595b560 e75387db e7cb031b; 0 0 0
AVD CRC b6c5888 bf85d624 d83eb03a; 0 0 0
AVD CRC f2481c53 64a4d3e7 4d09eb55; 0 0 0
AVD CRC 67768e99 de50b131 333ab4a; 0 0 0
AVD CRC 21b1d361 4e803b65 ec70732b; 0 0 0
AVD CRC c3319870 4762c8a9 9a1ea78f; 0 0 0
AVD CRC f529c180 b20d62b c1da2c03; 0 0 0
AVD CRC 134c1377 4e89707 9ee3994b; 0 0 0
AVD CRC b46a819f 65126046 fe30b7ab; 0 0 0
AVD CRC 41dbccb1 108a23f6 4977e4fc; 0 0 0
AVD CRC a04855a8 1939dbb9 cf789eee; 0 0 0
AVD CRC 131d3ccd 1b745fc8 d66bb6ad; 0 0 0
AVD CRC 878d48c0 82984ffc 4a4a45c0; 0 0 0
AVD CRC 6acf522a 149bb601 703ff5f6; 0 0 0
AVD CRC 97a2a3b5 6b3028 a79cc553; 0 0 0
AVD CRC ec441f42 ce1aff41 9c5c1bd5; 0 0 0
AVD CRC 45775440 23c87070 55a9f2b7; 0 0 0
AVD CRC 9bacb0c0 fa23d8ef beaafa1d; 0 0 0
AVD CRC 40932fb4 f9e45984 6ab6e639; 0 0 0
AVD CRC 2044d46 d3e7bece 26fca5c2; 0 0 0
AVD CRC 252904e4 44564d95 a15d0b10; 0 0 0
AVD CRC 2cf61b65 b98998e8 e838b356; 0 0 0
AVD CRC 4387e2b b19d210 949414fa; 0 0 0
AVD CRC 7c4f7b7e 6f429625 44b2b0e2; 0 0 0
AVD CRC ec3a382d 4a5017e6 fa8b46c1; 0 0 0
AVD CRC 1868c037 8bb18340 2e25230e; 0 0 0
AVD CRC 96368fed 89f69db7 87230ff9; 0 0 0
AVD CRC 4c08b190 e4ae939 c4e4c5d0; 0 0 0
AVD CRC ec4666f4 681fbe87 75dffcaf; 0 0 0
AVD CRC 63d934c5 e95f8c5e 2e95e69c; 0 0 0
AVD CRC bc1c25e1 54d8218e fc45b0f9; 0 0 0
AVD CRC 62eb417c 8e5f8794 fe376fc1; 0 0 0
AVD CRC 7d028db0 8d9baf8a 23501784; 0 0 0
AVD CRC e79f729 3809418d 10cbcc05; 0 0 0
AVD CRC 90c9794e f61c0fe2 e0e7c7ca; 0 0 0
AVD CRC 78929342 af649723 4afa0ef7; 0 0 0
AVD CRC 2929c429 d5f1c03e ffebb714; 0 0 0
AVD CRC e253617c dafc8eee b4683f99; 0 0 0
AVD CRC 782533ef b5d28d7c 237cec11; 0 0 0
AVD CRC cc67f656 cbed3712 91d76616; 0 0 0
AVD CRC 1dd3f616 c51874e2 360b7ec4; 0 0 0
AVD CRC 25a77d39 65d2ec58 91953368; 0 0 0
AVD CRC 3e60e2d5 d3af68b 70c0399f; 0 0 0
AVD CRC ab62c38e db868146 27bb472d; 0 0 0
AVD CRC 717ea203 54562da6 b5156a25; 0 0 0
AVD CRC 5e4fbaa2 9171815 e5306d24; 0 0 0
AVD CRC 88205a3a 4fe8423b 8f46fd7e; 0 0 0
AVD CRC 7f510aa1 1f7b251f e02e842d; 0 0 0
AVD CRC 9ff382f9 cc15a513 cfad5b70; 0 0 0
AVD CRC 7baf8c5d cba12335 eb1c3173; 0 0 0
AVD CRC 2551cdd 543ba88c fc4dd33e; 0 0 0
AVD CRC b10ccbae cc457480 f39defe0; 0 0 0
AVD CRC 30ffe94d c8c8e58d 8e144c3; 0 0 0
AVD CRC cf77963 73a6ee9d 166ee208; 0 0 0
AVD CRC c8f8099f 7384dd1a bd4577b5; 0 0 0
AVD CRC 8dc97afe e8a31102 4c77b796; 0 0 0
AVD CRC e15053db 6c8cecf 2ec88009; 0 0 0
AVD CRC fb82872 e122c56a 8c2202f0; 0 0 0
AVD CRC fc10e290 df556ed6 4cc8a80d; 0 0 0
AVD CRC 4c4b3806 7ab60ee9 c388eddf; 0 0 0
AVD CRC 192b4368 a755019d 4e87e96c; 0 0 0
AVD CRC 3dee5921 150e6220 553e5029; 0 0 0
AVD CRC 2fcbd3e1 d50fdb91 cba5fa33; 0 0 0
AVD CRC 60575bab 8ca43608 4b416906; 0 0 0
AVD CRC cda1f380 c05b01eb de7743e; 0 0 0
AVD CRC 38c191b8 2763acea e1ef08c6; 0 0 0
AVD CRC 3e47e33a 339fcbec 4db4f111; 0 0 0
AVD CRC 78d97e47 2830b11 fa16f38e; 0 0 0
AVD CRC c820ab2f a1fd79fd 1f0d7864; 0 0 0
AVD CRC 2ccb41b7 88488eff 11603c82; 0 0 0
AVD CRC b92528db 58869937 de5258c5; 0 0 0
AVD CRC 7da3bdba 99a1f72e 16816cb0; 0 0 0
AVD CRC 83d06878 e79086bb caba6971; 0 0 0
AVD CRC 9d7a0ca8 4c76c008 fd7efcf6; 0 0 0
AVD CRC f7bf4f50 2ee1082f f77e4f89; 0 0 0
AVD CRC a272daf8 52664cb9 71bf5bd2; 0 0 0
AVD CRC ebb9276a f91bc450 7f6dd9e8; 0 0 0
AVD CRC fcbf5a32 af8de34e b588463; 0 0 0
AVD CRC 6dda1479 b23dbde5 48cf0e37; 0 0 0
AVD CRC 2af2c4fe c0b02789 9e07bc2b; 0 0 0
AVD CRC 116ff668 bfa64e0a 9823dc0d; 0 0 0
AVD CRC 23635db1 dc77b871 5c41badd; 0 0 0
AVD CRC 9cf70b07 585703a0 ca0ceb38; 0 0 0
AVD CRC 3f6f96d f5622f9f 76e687c7; 0 0 0
AVD CRC 62b77cec 24b921a4 4f6d6eaa; 0 0 0
AVD CRC bb5e1656 371f1950 34be5da3; 0 0 0
AVD CRC 6c1eb53b 8d954079 640a09ad; 0 0 0
AVD CRC ac22ac8e 50ea1059 141b70be; 0 0 0
AVD CRC 46c51597 79aba961 48c3d6a5; 0 0 0
AVD CRC 68a96b1d 357b2e3f abb61619; 0 0 0
AVD CRC 41277981 22e7857c ac736df4; 0 0 0
AVD CRC c7ff0587 766e7fb2 f49a5ad; 0 0 0
AVD CRC 3886e2f4 c0cd2bf0 c2c18d83; 0 0 0
AVD CRC 4c47b3c0 db57dce5 3fc7dbb7; 0 0 0
AVD CRC 86973a38 55620170 aa02915; 0 0 0
AVD CRC 7a203035 4cb6ca68 2c3fff5c; 0 0 0
AVD CRC 4d762da9 d0029eef 2ced088e; 0 0 0
AVD CRC 397c452f c3a76b91 1aec3e8; 0 0 0
AVD CRC 10378941 9184eac2 9fba38ca; 0 0 0
AVD CRC 2639e28e b36d3da7 c7362ff4; 0 0 0
AVD CRC 72df5d71 a6adeef9 46002466; 0 0 0
AVD CRC 8194e2e6 8cd0cb95 ee8c6650; 0 0 0
AVD CRC 5ca7f889 9423144a f9a3290d; 0 0 0
AVD CRC 4317b68 4a0c6f53 88751f76; 0 0 0
AVD CRC b9a25e2a 757c9c19 d5f52a70; 0 0 0
AVD CRC e29bc074 aa1e8dfa 20f23c01; 0 0 0
AVD CRC 90a7053c cedc4a2a c5824889; 0 0 0
AVD CRC 26bc0f3d c8dbed50 6a04acc; 0 0 0
AVD CRC e9b4199c f4d1070 a3148a1; 0 0 0
AVD CRC 7b2da9fb efe4d985 df68e6a6; 0 0 0
AVD CRC 71260c09 c17f0178 c790fbe1; 0 0 0
AVD CRC 94463591 224a67ec 7396c279; 0 0 0
AVD CRC 98591187 ea0cabc5 3acd1201; 0 0 0
AVD CRC cd631649 d800efff 88d7cfb6; 0 0 0
AVD CRC 72c7dcbf dd95ec61 977a7950; 0 0 0
AVD CRC 8bd8b6fa aaa42213 700dde16; 0 0 0
AVD CRC a4186957 c3d7be71 5296359c; 0 0 0
AVD CRC 29175117 54f419f5 a46a6110; 0 0 0
AVD CRC 2a04c425 2efbf550 c0f7dc79; 0 0 0
AVD CRC 8cf7b5e4 36dbe7e4 4be4929b; 0 0 0
AVD CRC 44861c3 bd5064f7 17a5599; 0 0 0
AVD CRC f02e903a bbcbaacc 9937458a; 0 0 0
AVD CRC 675ead9a 181749f3 18c42083; 0 0 0
AVD CRC d8497e49 6d96c316 1b17591b; 0 0 0
AVD CRC 577a59e4 62a98cb b122c5f7; 0 0 0
AVD CRC 3a952db1 4d769c3b 9ccc3eff; 0 0 0
AVD CRC fdfc4922 3a3991b 9b2af3c6; 0 0 0
AVD CRC a7cad4d3 71bdda7f ce4f8a5e; 0 0 0
AVD CRC 4e3b5f2e 331dc0f6 c312f301; 0 0 0
AVD CRC 6b5960aa 286e372 e43d4ddc; 0 0 0
AVD CRC c23cf10 8e00159a be106b79; 0 0 0
AVD CRC 583fa8d e7be393c bee81ea8; 0 0 0
AVD CRC 8cfdf348 b7ebc3cb 5fc7006b; 0 0 0
AVD CRC fd81abcf 39e138a c4cc19da; 0 0 0
AVD CRC 88ebf16c b4b0f5aa 3d55bb8a; 0 0 0
AVD CRC 566016c8 d46f3dda 21142b3; 0 0 0
AVD CRC 74f54567 8a9d1f72 5671e19a; 0 0 0
AVD CRC 5c032d05 1ebe89aa 8ae7e14e; 0 0 0
AVD CRC 3b5e8ad0 14aefa9c a37f7a1e; 0 0 0
AVD CRC cf744964 709d497b e656c78c; 0 0 0
AVD CRC b10527f1 5c05c379 d90f4640; 0 0 0
AVD CRC 4894a5ad 9bc88f02 602056f9; 0 0 0
AVD CRC 4b1c3394 d24937fa c36f8843; 0 0 0
AVD CRC 6ea1972f 1117b154 272085df; 0 0 0
AVD CRC b130557e 636560d1 11151279; 0 0 0
AVD CRC f083baca 4921ca6b b03a94ed; 0 0 0
AVD CRC b64b4b92 317fe385 1aea0962; 0 0 0
AVD CRC bc74cabd 96f03d6a 5e865027; 0 0 0
AVD CRC 777bb84 fa260fc2 7f0ac305; 0 0 0
AVD CRC 7fb8f8fc 6672a2cf ba63bc79; 0 0 0
AVD CRC bf572474 8bddbfe8 285831e6; 0 0 0
AVD CRC 6ccdce0c 8be3d92c cb01735f; 0 0 0
AVD CRC 663a68f2 7b761b11 efb34472; 0 0 0
AVD CRC 4a1e73c4 b1373b89 6f5409ce; 0 0 0
AVD CRC df947d6b c8dc3f03 d259e843; 0 0 0
AVD CRC 3de69f37 561d48a5 49dfd61c; 0 0 0
AVD CRC bce38ac6 43ba92e 304be622; 0 0 0
AVD CRC 614975f6 b73be8ac ff9bcf94; 0 0 0
AVD CRC 7ea6e268 f8b3d2e3 166bd38e; 0 0 0
AVD CRC 983f031d 427bf4f2 1044ed6e; 0 0 0
AVD CRC 817b73ee 8c2555fb 24e79264; 0 0 0
AVD CRC c3858d7b 1edb67a5 f0b151a3; 0 0 0
AVD CRC 92daf20e 6d6840c7 6f44b7a; 0 0 0
AVD CRC 7232142b 898b887c 3ba7b82c; 0 0 0
AVD CRC 6808364a 997c0a96 f4ccde07; 0 0 0
AVD CRC 28080dc5 11b476ef 7d727; 0 0 0
--------------------------------------------------------------
revision S
AVD CRC fdbbcb2 3f7f21c 402334d; 0 0 0
AVD CRC fdce2b8 3f0bbbf 3fec7bd; 0 0 0
AVD CRC fdbc0a1 3ed8128 40a4c0c; 0 0 0
AVD CRC fe1bc51 3eb77fe 406e18b; 0 0 0
AVD CRC fe824c6 3ecf6dd 4059998; 0 0 0
AVD CRC fe1e4f7 3e7b7b2 405b12e; 0 0 0
AVD CRC fdfe0ee 3e7b407 404cdfc; 0 0 0
AVD CRC fdffc1c 3e40851 406201d; 0 0 0
AVD CRC fe03883 3e2773f 4051906; 0 0 0
AVD CRC fdffe29 3e9363a 4094c43; 0 0 0
AVD CRC fe0b0ba 3f060e2 405cb6e; 0 0 0
AVD CRC fe225ec 3eff3c7 4017de4; 0 0 0
AVD CRC fe2b7d6 3f0a7d0 4065598; 0 0 0
AVD CRC fe1181b 3efe7ec 405f46d; 0 0 0
AVD CRC fe04707 3f263c8 405d7f7; 0 0 0
AVD CRC fdd169a 3f53a74 406bf04; 0 0 0
AVD CRC fdd4422 3f4909a 406da3e; 0 0 0
AVD CRC fdc6620 3f468cf 4069ea9; 0 0 0
AVD CRC fe1e054 3ffa96f 3f5499e; 0 0 0
AVD CRC fe4db47 4023bfd 3ee1cbe; 0 0 0
AVD CRC fd04c1f 404d3dd 3ec9ed6; 0 0 0
AVD CRC fcf4a4e 4026823 3ecc223; 0 0 0
AVD CRC fcae0e3 401e7bd 3ecfd33; 0 0 0
AVD CRC fca8e3e 4028f18 3ed32b7; 0 0 0
AVD CRC fca2bad 402baf9 3f084bb; 0 0 0
AVD CRC fcd58ac 4038465 3fa4093; 0 0 0
AVD CRC fcc805c 4054053 3fa1565; 0 0 0
AVD CRC fcdd14b 405ea5c 3fa2215; 0 0 0
AVD CRC fd565ec 40537c6 3fa253a; 0 0 0
AVD CRC fe121ee 403c440 3f9fb6c; 0 0 0
AVD CRC fe77b32 402efbd 3faa351; 0 0 0
AVD CRC fef7425 401c246 3fa0a91; 0 0 0
AVD CRC fe9ac88 3fb77cb 3fa2fcc; 0 0 0
AVD CRC fe99f4f 3f83295 3fa4bf7; 0 0 0
AVD CRC fea57e6 3ff8fd7 3f13f52; 0 0 0
AVD CRC fea002f 4004328 3f1e56b; 0 0 0
AVD CRC fe98186 3fff368 3f1689a; 0 0 0
AVD CRC feadd98 3ffdc68 3ef6660; 0 0 0
AVD CRC feaa388 40021d3 3edff89; 0 0 0
AVD CRC fea3a3d 401491b 3ed0892; 0 0 0
AVD CRC feaa7e5 4007264 3f0f134; 0 0 0
AVD CRC fe87875 3ffbbe9 3faa1be; 0 0 0
AVD CRC fe6db37 4014fb6 3fa336f; 0 0 0
AVD CRC fe4f0dd 4029c40 3fa348a; 0 0 0
AVD CRC fe492b9 4028f8d 3f9fe1a; 0 0 0
AVD CRC fe3d3d4 4030530 3fa443b; 0 0 0
AVD CRC fdcb3b2 4021266 3fa2fec; 0 0 0
AVD CRC fdf75a0 4058d0e 3fa734a; 0 0 0
AVD CRC fdef9a7 408bfcd 3fa7708; 0 0 0
AVD CRC fdf532c 408c81b 3fa382a; 0 0 0
AVD CRC fdc82e2 40c2529 3f9f15f; 0 0 0
AVD CRC fde4dbc 40d76bd 3fb0bb9; 0 0 0
AVD CRC fe6b218 40c0c03 3fb48c0; 0 0 0
AVD CRC fe2b453 4099ec4 3ff0154; 0 0 0
AVD CRC fe1f48b 402d18c 3fd7b08; 0 0 0
AVD CRC fe1dc31 406c952 3faad3f; 0 0 0
AVD CRC fe13eb8 406e005 3faf2df; 0 0 0
AVD CRC fe14fe7 403aed6 3fa919a; 0 0 0
AVD CRC fe2f61f 3ffc082 3fa7aa2; 0 0 0
AVD CRC fe49cee 3fbf86f 3fb2405; 0 0 0
AVD CRC fe296f2 3fb25c5 3fba09d; 0 0 0
AVD CRC fe5e190 3fcc0b3 3fb72e0; 0 0 0
AVD CRC fe4b576 404e265 3fb5702; 0 0 0
AVD CRC fe0de49 408dddf 3fb0a70; 0 0 0
AVD CRC ff361c8 409d4c2 3fb8690; 0 0 0
AVD CRC ff6decd 40961eb 3fb331f; 0 0 0
AVD CRC ff559e2 40d4d37 3fb50ff; 0 0 0
AVD CRC 1002c459 4066507 3fb7bba; 0 0 0
AVD CRC 1003ec4e 402308c 3f792d9; 0 0 0
AVD CRC fea08b6 3fc5eea 3efde50; 0 0 0
AVD CRC feb4266 4016e5a 3ea5ca8; 0 0 0
AVD CRC fe6abbe 400937e 3f2e5f7; 0 0 0
AVD CRC fe5a0af 3fe39cf 3f93136; 0 0 0
AVD CRC fe76d81 3fcbf25 3f95401; 0 0 0
AVD CRC fe8f7bd 3fdfc0d 3f99709; 0 0 0
AVD CRC fe94c13 3fe8a43 3f9778c; 0 0 0
AVD CRC feb4204 3fe664f 3f9bdb8; 0 0 0
AVD CRC feb436e 3fe5096 3f9ff83; 0 0 0
AVD CRC feb8304 3fe7bf7 3fa02a5; 0 0 0
AVD CRC fecba4c 3fcfa96 3f991aa; 0 0 0
AVD CRC fec23cb 3fcd0fb 3f972cf; 0 0 0
AVD CRC fed167c 3fde307 3f965e3; 0 0 0
AVD CRC fedd7de 3fe9955 3f973de; 0 0 0
AVD CRC febd2a2 3fe18c2 3f9ab8c; 0 0 0
AVD CRC feaba21 3fd6c4f 3f9449f; 0 0 0
AVD CRC fe95d91 3fbec8d 3f93b92; 0 0 0
AVD CRC fe8e86a 3fc2504 3fa1e8d; 0 0 0
AVD CRC fe992a3 3fce2c0 3f9ea1d; 0 0 0
AVD CRC fe9c015 3fb8d55 3f9b10f; 0 0 0
AVD CRC fe8da0a 3fb803d 3f9d835; 0 0 0
AVD CRC fe84276 3fb759b 3f9794f; 0 0 0
AVD CRC fe75767 3fc442b 3f9e08a; 0 0 0
AVD CRC fe80134 3fbf2b3 3f97e19; 0 0 0
AVD CRC fea671d 3fc58a3 3f9074d; 0 0 0
AVD CRC fec7351 3fc2365 3f8d516; 0 0 0
AVD CRC fecca28 3fc397a 3f8dd90; 0 0 0
AVD CRC fec1415 3fcb64e 3f904b9; 0 0 0
AVD CRC fec65bb 3fd9271 3f886ae; 0 0 0
AVD CRC fec33a6 3fdfe49 3f85896; 0 0 0
AVD CRC fec6bb9 3fd8127 3f89131; 0 0 0
AVD CRC fece3cc 3fd64f0 3f7e375; 0 0 0
AVD CRC fedb4bb 3fd327f 3f7489b; 0 0 0
AVD CRC fed09b9 3fca287 3f6d026; 0 0 0
AVD CRC fee94b8 3fce28e 3f6236f; 0 0 0
AVD CRC fee0b59 3fd6e51 3f5a4c8; 0 0 0
AVD CRC fefbce4 3fb96ac 3f550f1; 0 0 0
AVD CRC fedf813 3fabb84 3f47beb; 0 0 0
AVD CRC fed6f6d 3fd243e 3f35f73; 0 0 0
AVD CRC fec59e2 3fffe72 3f30295; 0 0 0
AVD CRC fed50f3 400ebec 3f28360; 0 0 0
AVD CRC fef725c 40266a3 3f1e0c8; 0 0 0
AVD CRC fedd34f 4043805 3f225ae; 0 0 0
AVD CRC febac0a 403a854 3f1dea7; 0 0 0
AVD CRC fe94475 401f846 3f14045; 0 0 0
AVD CRC fe79c95 4022ad0 3f180ea; 0 0 0
AVD CRC fe80dfc 401eed3 3f180ff; 0 0 0
AVD CRC fe57833 3ffd739 3f0b57c; 0 0 0
AVD CRC fe5b303 3ffdb07 3f0b7c3; 0 0 0
AVD CRC fe534f6 3fe7de7 3f10752; 0 0 0
AVD CRC fe21278 3fd7fc0 3f11a1b; 0 0 0
AVD CRC fdce92d 3fd7046 3f0a994; 0 0 0
AVD CRC fdb9a5a 3fd1a0c 3f060d7; 0 0 0
AVD CRC fd94fbb 3fb0815 3eff262; 0 0 0
AVD CRC fd9d93c 3fa61b1 3ef54fa; 0 0 0
AVD CRC fd99b4d 3faa93f 3ef74ce; 0 0 0
AVD CRC fd7dabd 3fa88af 3ef19da; 0 0 0
AVD CRC fdc66c7 3fa4476 3ee9b93; 0 0 0
AVD CRC fdb90d4 3fa279a 3ee7d62; 0 0 0
AVD CRC fe0e28f 3fa15c1 3eeb791; 0 0 0
AVD CRC fe369b3 3fa2b37 3ef18cc; 0 0 0
AVD CRC fe71749 3fa2012 3ef7b1e; 0 0 0
AVD CRC fe8fdab 3f90366 3f21f8d; 0 0 0
AVD CRC fe9a311 3f89b00 3f284e9; 0 0 0
AVD CRC fe90cda 3f8b2cd 3f2ce65; 0 0 0
AVD CRC ff26e78 3f852c9 3f3e802; 0 0 0
AVD CRC ff3df85 3f79235 3f267d9; 0 0 0
AVD CRC ff43a40 3f70c90 3f14913; 0 0 0
AVD CRC ff2efce 3f73782 3f235e6; 0 0 0
AVD CRC ff29669 3f638cc 3f1d1db; 0 0 0
AVD CRC ff24bce 3f605c5 3f25178; 0 0 0
AVD CRC ff37d72 3f5a305 3f3636e; 0 0 0
AVD CRC ff51093 3f56aa3 3f37a1d; 0 0 0
AVD CRC ff69896 3f651b0 3f38a9a; 0 0 0
AVD CRC ff463d4 3f658c3 3f3e058; 0 0 0
AVD CRC ff56a0a 3f57028 3f2f9ad; 0 0 0
AVD CRC ff68fe5 3f576da 3f30c4f; 0 0 0
AVD CRC ffa15c7 3f5c734 3f288b2; 0 0 0
AVD CRC ff9bab7 3f614ad 3f25b0f; 0 0 0
AVD CRC ff941ab 3f80073 3f297ab; 0 0 0
AVD CRC ffac201 3f8df9d 3f1e423; 0 0 0
AVD CRC ffaacd4 3f8fdb0 3f1113c; 0 0 0
AVD CRC ff80ec9 3fa7dc2 3f0ede0; 0 0 0
AVD CRC ff89cf5 3faf283 3f06996; 0 0 0
AVD CRC ff60fee 3faab74 3efe6b3; 0 0 0
AVD CRC ff491a8 3fa5e5e 3effccc; 0 0 0
AVD CRC ff2e9e4 3f9675e 3f01b93; 0 0 0
AVD CRC ff3bead 3f861de 3ef937a; 0 0 0
AVD CRC ff23bc2 3f9d5ac 3efe1a9; 0 0 0
AVD CRC ff2e0c1 3fa750c 3efaedb; 0 0 0
AVD CRC ff2b788 3fa33e6 3ef4d05; 0 0 0
AVD CRC ff33147 3f9fe0c 3ef9343; 0 0 0
AVD CRC fee7b4e 3fb5796 3ef42e4; 0 0 0
AVD CRC febe309 3f90090 3ef0340; 0 0 0
AVD CRC feb0dd1 3fc51e0 3ef6598; 0 0 0
AVD CRC fe08f9f 3fd8d88 3eeb416; 0 0 0
AVD CRC fe1ad5b 3ffaace 3eeec20; 0 0 0
AVD CRC fe3cd77 400583c 3edbbba; 0 0 0
AVD CRC fe219fd 400dffb 3edfc2d; 0 0 0
AVD CRC fe30324 4014486 3ede0fd; 0 0 0
AVD CRC fe34d0b 400c9cb 3edd46b; 0 0 0
AVD CRC fe3805e 4015b88 3ee2555; 0 0 0
AVD CRC ff1f727 3f823fe 3f34fb0; 0 0 0
AVD CRC fec1042 3fb40ad 3f328db; 0 0 0
AVD CRC fdb7289 3fb2c71 3f2fcd8; 0 0 0
AVD CRC fc88e28 3fcf69a 3f31bbd; 0 0 0
AVD CRC fc5852d 3fd3b5d 3f3326f; 0 0 0
AVD CRC fceb4b9 3fde161 3f42670; 0 0 0
AVD CRC fd61ae3 3fc05d3 3f596f2; 0 0 0
AVD CRC fd23caa 3fb4c79 3f62d73; 0 0 0
AVD CRC fd74334 3fb7a42 3f8344e; 0 0 0
AVD CRC fd6b127 3fce713 3f612dd; 0 0 0
AVD CRC fd4caa4 3fc880c 3f52c8c; 0 0 0
AVD CRC fdabd34 3fc4ee5 3f5d6fb; 0 0 0
AVD CRC fee4c7e 3fabdad 3f57beb; 0 0 0
AVD CRC fe9b025 3fa8bb2 3f709ee; 0 0 0
AVD CRC fdf8421 3f84512 3f8954f; 0 0 0
AVD CRC fd861cb 3f8fada 3f7b197; 0 0 0
AVD CRC fd512e1 3fafba5 3f5d80e; 0 0 0
AVD CRC fd4fc19 3fce7bc 3f5285f; 0 0 0
AVD CRC fd895c0 3fefd5e 3f5438d; 0 0 0
AVD CRC fe2ef9c 3fde5e3 3f61e81; 0 0 0
AVD CRC fe8b51c 3fcb671 3f68945; 0 0 0
AVD CRC fdb4422 3fbcb4a 3f70bae; 0 0 0
AVD CRC fe0c0bb 3fd0b46 3f6b2d7; 0 0 0
AVD CRC fe40df4 3fc2326 3f683a3; 0 0 0
AVD CRC fec6dd0 3fbffec 3f57a76; 0 0 0
AVD CRC ffb2b7c 3f991b7 3f47ac7; 0 0 0
AVD CRC 10068f62 3f76628 3f5907a; 0 0 0
AVD CRC 1007e946 3f6d876 3f6a5ed; 0 0 0
AVD CRC 1003094d 3f833ea 3f6f459; 0 0 0
AVD CRC ff59bb0 3f8ad10 3f6b237; 0 0 0
AVD CRC ff060dd 3fb467e 3f62cba; 0 0 0